Open5GS daemon v2.4.4

04/14 13:02:53.590: [app] INFO: Configuration: '/open5gs/install/etc/open5gs/ausf.yaml' (../lib/app/ogs-init.c:129)
04/14 13:02:53.590: [app] INFO: File Logging: '/open5gs/install/var/log/open5gs/ausf.log' (../lib/app/ogs-init.c:132)
04/14 13:02:53.599: [sbi] INFO: nghttp2_server() [127.0.0.11]:7777 (../lib/sbi/nghttp2-server.c:144)
04/14 13:02:53.664: [app] INFO: AUSF initialize...done (../src/ausf/app.c:31)
04/14 13:02:53.738: [ausf] INFO: [3fc12f16-3802-41f1-8fa4-09e33c2cd893] NF registred [Heartbeat:10s] (../src/ausf/nf-sm.c:198)
Open5GS daemon v2.4.4

04/14 13:13:01.360: [app] INFO: Configuration: '/open5gs/install/etc/open5gs/ausf.yaml' (../lib/app/ogs-init.c:129)
04/14 13:13:01.360: [app] INFO: File Logging: '/open5gs/install/var/log/open5gs/ausf.log' (../lib/app/ogs-init.c:132)
04/14 13:13:01.361: [sbi] INFO: nghttp2_server() [127.0.0.11]:7777 (../lib/sbi/nghttp2-server.c:144)
04/14 13:13:01.370: [app] INFO: AUSF initialize...done (../src/ausf/app.c:31)
04/14 13:13:01.385: [ausf] INFO: [aa0388be-3803-41f1-a04f-abf73985caaa] NF registred [Heartbeat:10s] (../src/ausf/nf-sm.c:198)
04/14 13:13:01.394: [ausf] INFO: [aa0748be-3803-41f1-9e18-e5789ad12f67] (NRF-notify) NF registered (../src/ausf/nnrf-handler.c:179)
04/14 13:13:01.394: [ausf] INFO: [aa0748be-3803-41f1-9e18-e5789ad12f67] (NRF-notify) NF Profile updated (../src/ausf/nnrf-handler.c:198)
Open5GS daemon v2.4.4

04/14 13:15:23.810: [app] INFO: Configuration: '/open5gs/install/etc/open5gs/ausf.yaml' (../lib/app/ogs-init.c:129)
04/14 13:15:23.810: [app] INFO: File Logging: '/open5gs/install/var/log/open5gs/ausf.log' (../lib/app/ogs-init.c:132)
04/14 13:15:23.812: [sbi] INFO: nghttp2_server() [127.0.0.11]:7777 (../lib/sbi/nghttp2-server.c:144)
04/14 13:15:23.816: [app] INFO: AUSF initialize...done (../src/ausf/app.c:31)
04/14 13:15:23.818: [ausf] INFO: [feeba5a0-3803-41f1-ac19-cbba9e19212e] NF registred [Heartbeat:10s] (../src/ausf/nf-sm.c:198)
04/14 13:15:23.830: [ausf] INFO: [feeab0e6-3803-41f1-8e4b-4f7a065af988] (NRF-notify) NF registered (../src/ausf/nnrf-handler.c:179)
04/14 13:15:23.830: [ausf] INFO: [feeab0e6-3803-41f1-8e4b-4f7a065af988] (NRF-notify) NF Profile updated (../src/ausf/nnrf-handler.c:198)
Open5GS daemon v2.4.4

04/14 13:18:13.324: [app] INFO: Configuration: '/open5gs/install/etc/open5gs/ausf.yaml' (../lib/app/ogs-init.c:129)
04/14 13:18:13.327: [app] INFO: File Logging: '/open5gs/install/var/log/open5gs/ausf.log' (../lib/app/ogs-init.c:132)
04/14 13:18:13.328: [sbi] INFO: nghttp2_server() [127.0.0.11]:7777 (../lib/sbi/nghttp2-server.c:144)
04/14 13:18:13.347: [app] INFO: AUSF initialize...done (../src/ausf/app.c:31)
04/14 13:18:13.349: [ausf] INFO: [63f5e686-3804-41f1-b418-b962653fa948] NF registred [Heartbeat:10s] (../src/ausf/nf-sm.c:198)
04/14 13:18:13.356: [ausf] INFO: [63f83fda-3804-41f1-beef-eb9d19ad0486] (NRF-notify) NF registered (../src/ausf/nnrf-handler.c:179)
04/14 13:18:13.356: [ausf] INFO: [63f83fda-3804-41f1-beef-eb9d19ad0486] (NRF-notify) NF Profile updated (../src/ausf/nnrf-handler.c:198)
Open5GS daemon v2.4.4

04/14 15:18:16.594: [app] INFO: Configuration: '/open5gs/install/etc/open5gs/ausf.yaml' (../lib/app/ogs-init.c:129)
04/14 15:18:16.594: [app] INFO: File Logging: '/open5gs/install/var/log/open5gs/ausf.log' (../lib/app/ogs-init.c:132)
04/14 15:18:16.595: [sbi] INFO: nghttp2_server() [127.0.0.11]:7777 (../lib/sbi/nghttp2-server.c:144)
04/14 15:18:16.611: [app] INFO: AUSF initialize...done (../src/ausf/app.c:31)
04/14 15:18:16.612: [ausf] INFO: [29713a4a-3815-41f1-88d2-cd680e87f5ff] NF registred [Heartbeat:10s] (../src/ausf/nf-sm.c:198)
Open5GS daemon v2.4.4

04/14 15:19:11.018: [app] INFO: Configuration: '/open5gs/install/etc/open5gs/ausf.yaml' (../lib/app/ogs-init.c:129)
04/14 15:19:11.018: [app] INFO: File Logging: '/open5gs/install/var/log/open5gs/ausf.log' (../lib/app/ogs-init.c:132)
04/14 15:19:11.019: [sbi] INFO: nghttp2_server() [127.0.0.11]:7777 (../lib/sbi/nghttp2-server.c:144)
04/14 15:19:11.019: [app] INFO: AUSF initialize...done (../src/ausf/app.c:31)
04/14 15:19:11.020: [ausf] INFO: [49e1a774-3815-41f1-a69a-574ab36667ba] NF registred [Heartbeat:10s] (../src/ausf/nf-sm.c:198)
Open5GS daemon v2.4.4

04/14 15:22:33.309: [app] INFO: Configuration: '/open5gs/install/etc/open5gs/ausf.yaml' (../lib/app/ogs-init.c:129)
04/14 15:22:33.309: [app] INFO: File Logging: '/open5gs/install/var/log/open5gs/ausf.log' (../lib/app/ogs-init.c:132)
04/14 15:22:33.311: [sbi] INFO: nghttp2_server() [127.0.0.11]:7777 (../lib/sbi/nghttp2-server.c:144)
04/14 15:22:33.316: [app] INFO: AUSF initialize...done (../src/ausf/app.c:31)
04/14 15:22:33.328: [ausf] INFO: [c274f100-3815-41f1-bda5-39cc80d7c9d6] NF registred [Heartbeat:10s] (../src/ausf/nf-sm.c:198)
Open5GS daemon v2.4.4

04/14 16:40:41.373: [app] INFO: Configuration: '/open5gs/install/etc/open5gs/ausf.yaml' (../lib/app/ogs-init.c:129)
04/14 16:40:41.373: [app] INFO: File Logging: '/open5gs/install/var/log/open5gs/ausf.log' (../lib/app/ogs-init.c:132)
04/14 16:40:41.373: [sbi] INFO: nghttp2_server() [127.0.0.11]:7777 (../lib/sbi/nghttp2-server.c:144)
04/14 16:40:41.383: [app] INFO: AUSF initialize...done (../src/ausf/app.c:31)
04/14 16:40:41.383: [ausf] INFO: [acc28ed4-3820-41f1-a961-d74c9d52b4bb] NF registred [Heartbeat:10s] (../src/ausf/nf-sm.c:198)
04/14 16:40:41.385: [ausf] INFO: [acc2aa22-3820-41f1-9aa0-75960221ab33] (NRF-notify) NF registered (../src/ausf/nnrf-handler.c:179)
04/14 16:40:41.385: [ausf] INFO: [acc2aa22-3820-41f1-9aa0-75960221ab33] (NRF-notify) NF Profile updated (../src/ausf/nnrf-handler.c:198)
Open5GS daemon v2.4.4

04/15 14:08:32.537: [app] INFO: Configuration: '/open5gs/install/etc/open5gs/ausf.yaml' (../lib/app/ogs-init.c:129)
04/15 14:08:32.537: [app] INFO: File Logging: '/open5gs/install/var/log/open5gs/ausf.log' (../lib/app/ogs-init.c:132)
04/15 14:08:32.538: [sbi] INFO: nghttp2_server() [127.0.0.11]:7777 (../lib/sbi/nghttp2-server.c:144)
04/15 14:08:32.551: [app] INFO: AUSF initialize...done (../src/ausf/app.c:31)
04/15 14:08:32.565: [ausf] INFO: [95f68dd6-38d4-41f1-bdea-df38b0399915] NF registred [Heartbeat:10s] (../src/ausf/nf-sm.c:198)
04/15 14:08:32.603: [ausf] INFO: [95faf9b6-38d4-41f1-9df0-3b1c4b7139af] (NRF-notify) NF registered (../src/ausf/nnrf-handler.c:179)
04/15 14:08:32.603: [ausf] INFO: [95faf9b6-38d4-41f1-9df0-3b1c4b7139af] (NRF-notify) NF Profile updated (../src/ausf/nnrf-handler.c:198)
Open5GS daemon v2.4.4

04/15 14:12:13.865: [app] INFO: Configuration: '/open5gs/install/etc/open5gs/ausf.yaml' (../lib/app/ogs-init.c:129)
04/15 14:12:13.865: [app] INFO: File Logging: '/open5gs/install/var/log/open5gs/ausf.log' (../lib/app/ogs-init.c:132)
04/15 14:12:13.866: [sbi] INFO: nghttp2_server() [127.0.0.11]:7777 (../lib/sbi/nghttp2-server.c:144)
04/15 14:12:13.871: [app] INFO: AUSF initialize...done (../src/ausf/app.c:31)
04/15 14:12:13.883: [ausf] INFO: [19e278d0-38d5-41f1-9c20-5301f9bb3bf7] NF registred [Heartbeat:10s] (../src/ausf/nf-sm.c:198)
Open5GS daemon v2.4.4

04/15 14:20:58.613: [app] INFO: Configuration: '/open5gs/install/etc/open5gs/ausf.yaml' (../lib/app/ogs-init.c:129)
04/15 14:20:58.613: [app] INFO: File Logging: '/open5gs/install/var/log/open5gs/ausf.log' (../lib/app/ogs-init.c:132)
04/15 14:20:58.614: [sbi] INFO: nghttp2_server() [127.0.0.11]:7777 (../lib/sbi/nghttp2-server.c:144)
04/15 14:20:58.622: [app] INFO: AUSF initialize...done (../src/ausf/app.c:31)
04/15 14:20:58.626: [ausf] INFO: [52a8b606-38d6-41f1-8769-6f52a9b635f7] NF registred [Heartbeat:10s] (../src/ausf/nf-sm.c:198)
04/15 14:20:58.631: [ausf] INFO: [52a85dfa-38d6-41f1-95c8-89b816a4add1] (NRF-notify) NF registered (../src/ausf/nnrf-handler.c:179)
04/15 14:20:58.631: [ausf] INFO: [52a85dfa-38d6-41f1-95c8-89b816a4add1] (NRF-notify) NF Profile updated (../src/ausf/nnrf-handler.c:198)
Open5GS daemon v2.4.4

04/15 14:21:27.124: [app] INFO: Configuration: '/open5gs/install/etc/open5gs/ausf.yaml' (../lib/app/ogs-init.c:129)
04/15 14:21:27.124: [app] INFO: File Logging: '/open5gs/install/var/log/open5gs/ausf.log' (../lib/app/ogs-init.c:132)
04/15 14:21:27.125: [sbi] INFO: nghttp2_server() [127.0.0.11]:7777 (../lib/sbi/nghttp2-server.c:144)
04/15 14:21:27.131: [app] INFO: AUSF initialize...done (../src/ausf/app.c:31)
04/15 14:21:27.137: [ausf] INFO: [63a72140-38d6-41f1-ab2c-67f9254f59c7] NF registred [Heartbeat:10s] (../src/ausf/nf-sm.c:198)
Open5GS daemon v2.4.4

04/15 14:28:51.351: [app] INFO: Configuration: '/open5gs/install/etc/open5gs/ausf.yaml' (../lib/app/ogs-init.c:129)
04/15 14:28:51.351: [app] INFO: File Logging: '/open5gs/install/var/log/open5gs/ausf.log' (../lib/app/ogs-init.c:132)
04/15 14:28:51.352: [sbi] INFO: nghttp2_server() [127.0.0.11]:7777 (../lib/sbi/nghttp2-server.c:144)
04/15 14:28:51.371: [app] INFO: AUSF initialize...done (../src/ausf/app.c:31)
04/15 14:28:51.375: [ausf] INFO: [6c6eb940-38d7-41f1-a4a8-ffdd47183b95] NF registred [Heartbeat:10s] (../src/ausf/nf-sm.c:198)
Open5GS daemon v2.4.4

04/15 14:44:41.869: [app] INFO: Configuration: '/open5gs/install/etc/open5gs/ausf.yaml' (../lib/app/ogs-init.c:129)
04/15 14:44:41.869: [app] INFO: File Logging: '/open5gs/install/var/log/open5gs/ausf.log' (../lib/app/ogs-init.c:132)
04/15 14:44:41.869: [sbi] INFO: nghttp2_server() [127.0.0.11]:7777 (../lib/sbi/nghttp2-server.c:144)
04/15 14:44:41.877: [app] INFO: AUSF initialize...done (../src/ausf/app.c:31)
04/15 14:44:41.879: [ausf] INFO: [a2fc3c88-38d9-41f1-82d1-cf0ac31e1686] NF registred [Heartbeat:10s] (../src/ausf/nf-sm.c:198)
Open5GS daemon v2.4.4

04/15 15:56:37.580: [app] INFO: Configuration: '/open5gs/install/etc/open5gs/ausf.yaml' (../lib/app/ogs-init.c:129)
04/15 15:56:37.580: [app] INFO: File Logging: '/open5gs/install/var/log/open5gs/ausf.log' (../lib/app/ogs-init.c:132)
04/15 15:56:37.581: [sbi] INFO: nghttp2_server() [127.0.0.11]:7777 (../lib/sbi/nghttp2-server.c:144)
04/15 15:56:37.616: [app] INFO: AUSF initialize...done (../src/ausf/app.c:31)
04/15 15:56:37.617: [ausf] INFO: [af59afc4-38e3-41f1-a4b5-2d60cbdd1d06] NF registred [Heartbeat:10s] (../src/ausf/nf-sm.c:198)
Open5GS daemon v2.4.4

04/16 06:22:10.845: [app] INFO: Configuration: '/open5gs/install/etc/open5gs/ausf.yaml' (../lib/app/ogs-init.c:129)
04/16 06:22:10.845: [app] INFO: File Logging: '/open5gs/install/var/log/open5gs/ausf.log' (../lib/app/ogs-init.c:132)
04/16 06:22:10.845: [sbi] INFO: nghttp2_server() [127.0.0.11]:7777 (../lib/sbi/nghttp2-server.c:144)
04/16 06:22:10.928: [app] INFO: AUSF initialize...done (../src/ausf/app.c:31)
04/16 06:22:10.959: [ausf] INFO: [99fcd9c0-395c-41f1-abd5-db7efb71c69c] NF registred [Heartbeat:10s] (../src/ausf/nf-sm.c:198)
Open5GS daemon v2.4.4

04/16 06:30:53.851: [app] INFO: Configuration: '/open5gs/install/etc/open5gs/ausf.yaml' (../lib/app/ogs-init.c:129)
04/16 06:30:53.851: [app] INFO: File Logging: '/open5gs/install/var/log/open5gs/ausf.log' (../lib/app/ogs-init.c:132)
04/16 06:30:53.852: [sbi] INFO: nghttp2_server() [127.0.0.11]:7777 (../lib/sbi/nghttp2-server.c:144)
04/16 06:30:53.855: [app] INFO: AUSF initialize...done (../src/ausf/app.c:31)
04/16 06:30:53.871: [ausf] INFO: [d1b953d8-395d-41f1-9fd0-355b83c37905] NF registred [Heartbeat:10s] (../src/ausf/nf-sm.c:198)
Open5GS daemon v2.4.4

04/16 06:35:55.768: [app] INFO: Configuration: '/open5gs/install/etc/open5gs/ausf.yaml' (../lib/app/ogs-init.c:129)
04/16 06:35:55.768: [app] INFO: File Logging: '/open5gs/install/var/log/open5gs/ausf.log' (../lib/app/ogs-init.c:132)
04/16 06:35:55.769: [sbi] INFO: nghttp2_server() [127.0.0.11]:7777 (../lib/sbi/nghttp2-server.c:144)
04/16 06:35:55.779: [app] INFO: AUSF initialize...done (../src/ausf/app.c:31)
04/16 06:35:55.781: [ausf] INFO: [85ae34f8-395e-41f1-94ee-3d1bc4e372ad] NF registred [Heartbeat:10s] (../src/ausf/nf-sm.c:198)
Open5GS daemon v2.4.4

04/16 08:32:51.269: [app] INFO: Configuration: '/open5gs/install/etc/open5gs/ausf.yaml' (../lib/app/ogs-init.c:129)
04/16 08:32:51.269: [app] INFO: File Logging: '/open5gs/install/var/log/open5gs/ausf.log' (../lib/app/ogs-init.c:132)
04/16 08:32:51.270: [sbi] INFO: nghttp2_server() [127.0.0.11]:7777 (../lib/sbi/nghttp2-server.c:144)
04/16 08:32:51.287: [app] INFO: AUSF initialize...done (../src/ausf/app.c:31)
04/16 08:32:51.296: [ausf] INFO: [db3eb2ac-396e-41f1-81ef-af2bdf327cba] NF registred [Heartbeat:10s] (../src/ausf/nf-sm.c:198)
04/16 08:32:51.357: [ausf] INFO: [db49cbb0-396e-41f1-8319-1301787e92a0] (NRF-notify) NF registered (../src/ausf/nnrf-handler.c:179)
04/16 08:32:51.358: [ausf] INFO: [db49cbb0-396e-41f1-8319-1301787e92a0] (NRF-notify) NF Profile updated (../src/ausf/nnrf-handler.c:198)
Open5GS daemon v2.4.4

04/16 08:34:29.381: [app] INFO: Configuration: '/open5gs/install/etc/open5gs/ausf.yaml' (../lib/app/ogs-init.c:129)
04/16 08:34:29.381: [app] INFO: File Logging: '/open5gs/install/var/log/open5gs/ausf.log' (../lib/app/ogs-init.c:132)
04/16 08:34:29.386: [sbi] INFO: nghttp2_server() [127.0.0.11]:7777 (../lib/sbi/nghttp2-server.c:144)
04/16 08:34:29.401: [app] INFO: AUSF initialize...done (../src/ausf/app.c:31)
04/16 08:34:29.404: [ausf] INFO: [15ba15ac-396f-41f1-b705-63f9edeb9c6f] NF registred [Heartbeat:10s] (../src/ausf/nf-sm.c:198)
04/16 08:34:29.423: [ausf] INFO: [15beeb90-396f-41f1-899b-173834397a09] (NRF-notify) NF registered (../src/ausf/nnrf-handler.c:179)
04/16 08:34:29.423: [ausf] INFO: [15beeb90-396f-41f1-899b-173834397a09] (NRF-notify) NF Profile updated (../src/ausf/nnrf-handler.c:198)
Open5GS daemon v2.4.4

04/16 09:04:47.179: [app] INFO: Configuration: '/open5gs/install/etc/open5gs/ausf.yaml' (../lib/app/ogs-init.c:129)
04/16 09:04:47.180: [app] INFO: File Logging: '/open5gs/install/var/log/open5gs/ausf.log' (../lib/app/ogs-init.c:132)
04/16 09:04:47.181: [sbi] INFO: nghttp2_server() [127.0.0.11]:7777 (../lib/sbi/nghttp2-server.c:144)
04/16 09:04:47.204: [app] INFO: AUSF initialize...done (../src/ausf/app.c:31)
04/16 09:04:47.205: [ausf] INFO: [513769d2-3973-41f1-ad9e-1b244a719bed] NF registred [Heartbeat:10s] (../src/ausf/nf-sm.c:198)
Open5GS daemon v2.4.4

04/16 09:06:18.878: [app] INFO: Configuration: '/open5gs/install/etc/open5gs/ausf.yaml' (../lib/app/ogs-init.c:129)
04/16 09:06:18.878: [app] INFO: File Logging: '/open5gs/install/var/log/open5gs/ausf.log' (../lib/app/ogs-init.c:132)
04/16 09:06:18.878: [sbi] INFO: nghttp2_server() [127.0.0.11]:7777 (../lib/sbi/nghttp2-server.c:144)
04/16 09:06:18.881: [app] INFO: AUSF initialize...done (../src/ausf/app.c:31)
04/16 09:06:18.882: [ausf] INFO: [87df6f16-3973-41f1-9cb6-ff47a7ce2e50] NF registred [Heartbeat:10s] (../src/ausf/nf-sm.c:198)
Open5GS daemon v2.4.4

04/16 09:08:59.689: [app] INFO: Configuration: '/open5gs/install/etc/open5gs/ausf.yaml' (../lib/app/ogs-init.c:129)
04/16 09:08:59.689: [app] INFO: File Logging: '/open5gs/install/var/log/open5gs/ausf.log' (../lib/app/ogs-init.c:132)
04/16 09:08:59.690: [sbi] INFO: nghttp2_server() [127.0.0.11]:7777 (../lib/sbi/nghttp2-server.c:144)
04/16 09:08:59.715: [app] INFO: AUSF initialize...done (../src/ausf/app.c:31)
04/16 09:08:59.725: [ausf] INFO: [e7b95474-3973-41f1-b250-75b58f39b2db] NF registred [Heartbeat:10s] (../src/ausf/nf-sm.c:198)
04/16 09:08:59.757: [ausf] INFO: [e7c2d468-3973-41f1-beb7-57fba7a7601a] (NRF-notify) NF registered (../src/ausf/nnrf-handler.c:179)
04/16 09:08:59.758: [ausf] INFO: [e7c2d468-3973-41f1-beb7-57fba7a7601a] (NRF-notify) NF Profile updated (../src/ausf/nnrf-handler.c:198)
Open5GS daemon v2.4.4

04/16 09:21:24.861: [app] INFO: Configuration: '/open5gs/install/etc/open5gs/ausf.yaml' (../lib/app/ogs-init.c:129)
04/16 09:21:24.861: [app] INFO: File Logging: '/open5gs/install/var/log/open5gs/ausf.log' (../lib/app/ogs-init.c:132)
04/16 09:21:24.871: [sbi] INFO: nghttp2_server() [127.0.0.11]:7777 (../lib/sbi/nghttp2-server.c:144)
04/16 09:21:24.882: [app] INFO: AUSF initialize...done (../src/ausf/app.c:31)
04/16 09:21:24.899: [ausf] INFO: [a3e1a894-3975-41f1-bf4a-2921b5255db8] NF registred [Heartbeat:10s] (../src/ausf/nf-sm.c:198)
04/16 09:21:24.932: [ausf] INFO: [a3e3af0e-3975-41f1-8b39-0f7b97bb6886] (NRF-notify) NF registered (../src/ausf/nnrf-handler.c:179)
04/16 09:21:24.933: [ausf] INFO: [a3e3af0e-3975-41f1-8b39-0f7b97bb6886] (NRF-notify) NF Profile updated (../src/ausf/nnrf-handler.c:198)
Open5GS daemon v2.4.4

04/16 09:29:58.240: [app] INFO: Configuration: '/open5gs/install/etc/open5gs/ausf.yaml' (../lib/app/ogs-init.c:129)
04/16 09:29:58.240: [app] INFO: File Logging: '/open5gs/install/var/log/open5gs/ausf.log' (../lib/app/ogs-init.c:132)
04/16 09:29:58.242: [sbi] INFO: nghttp2_server() [127.0.0.11]:7777 (../lib/sbi/nghttp2-server.c:144)
04/16 09:29:58.252: [app] INFO: AUSF initialize...done (../src/ausf/app.c:31)
04/16 09:29:58.253: [ausf] INFO: [d5e13732-3976-41f1-9970-ed612432975c] NF registred [Heartbeat:10s] (../src/ausf/nf-sm.c:198)
04/16 09:29:58.255: [ausf] INFO: [d5e29e10-3976-41f1-8e43-17d3136bc43f] (NRF-notify) NF registered (../src/ausf/nnrf-handler.c:179)
04/16 09:29:58.255: [ausf] INFO: [d5e29e10-3976-41f1-8e43-17d3136bc43f] (NRF-notify) NF Profile updated (../src/ausf/nnrf-handler.c:198)
Open5GS daemon v2.4.4

04/16 09:33:12.587: [app] INFO: Configuration: '/open5gs/install/etc/open5gs/ausf.yaml' (../lib/app/ogs-init.c:129)
04/16 09:33:12.587: [app] INFO: File Logging: '/open5gs/install/var/log/open5gs/ausf.log' (../lib/app/ogs-init.c:132)
04/16 09:33:12.589: [sbi] INFO: nghttp2_server() [127.0.0.11]:7777 (../lib/sbi/nghttp2-server.c:144)
04/16 09:33:12.597: [app] INFO: AUSF initialize...done (../src/ausf/app.c:31)
04/16 09:33:12.603: [ausf] INFO: [49b7fe2a-3977-41f1-99a0-d9bcb0ac961b] NF registred [Heartbeat:10s] (../src/ausf/nf-sm.c:198)
Open5GS daemon v2.4.4

04/16 09:36:57.609: [app] INFO: Configuration: '/open5gs/install/etc/open5gs/ausf.yaml' (../lib/app/ogs-init.c:129)
04/16 09:36:57.609: [app] INFO: File Logging: '/open5gs/install/var/log/open5gs/ausf.log' (../lib/app/ogs-init.c:132)
04/16 09:36:57.610: [sbi] INFO: nghttp2_server() [127.0.0.11]:7777 (../lib/sbi/nghttp2-server.c:144)
04/16 09:36:57.621: [app] INFO: AUSF initialize...done (../src/ausf/app.c:31)
04/16 09:36:57.624: [ausf] INFO: [cfd79f42-3977-41f1-9dd8-270e1e21c6b1] NF registred [Heartbeat:10s] (../src/ausf/nf-sm.c:198)
Open5GS daemon v2.4.4

04/16 09:39:13.511: [app] INFO: Configuration: '/open5gs/install/etc/open5gs/ausf.yaml' (../lib/app/ogs-init.c:129)
04/16 09:39:13.511: [app] INFO: File Logging: '/open5gs/install/var/log/open5gs/ausf.log' (../lib/app/ogs-init.c:132)
04/16 09:39:13.512: [sbi] INFO: nghttp2_server() [127.0.0.11]:7777 (../lib/sbi/nghttp2-server.c:144)
04/16 09:39:13.531: [app] INFO: AUSF initialize...done (../src/ausf/app.c:31)
04/16 09:39:13.547: [ausf] INFO: [20d898f6-3978-41f1-b4f9-4728b4b0f0c8] NF registred [Heartbeat:10s] (../src/ausf/nf-sm.c:198)
04/16 09:39:13.647: [ausf] INFO: [20eaec18-3978-41f1-806d-ff3b8320d4bf] (NRF-notify) NF registered (../src/ausf/nnrf-handler.c:179)
04/16 09:39:13.647: [ausf] INFO: [20eaec18-3978-41f1-806d-ff3b8320d4bf] (NRF-notify) NF Profile updated (../src/ausf/nnrf-handler.c:198)
Open5GS daemon v2.4.4

07/09 16:14:47.769: [app] INFO: Configuration: '/open5gs/install/etc/open5gs/ausf.yaml' (../lib/app/ogs-init.c:129)
07/09 16:14:47.770: [app] INFO: File Logging: '/open5gs/install/var/log/open5gs/ausf.log' (../lib/app/ogs-init.c:132)
07/09 16:14:47.776: [sbi] INFO: nghttp2_server() [127.0.0.11]:7777 (../lib/sbi/nghttp2-server.c:144)
07/09 16:14:47.790: [app] INFO: AUSF initialize...done (../src/ausf/app.c:31)
07/09 16:14:47.797: [ausf] INFO: [4e44aee4-7bb1-41f1-a55e-f738233d2be9] NF registred [Heartbeat:10s] (../src/ausf/nf-sm.c:198)
07/09 16:15:08.552: [ausf] ERROR: [4e44aee4-7bb1-41f1-a55e-f738233d2be9] No heartbeat (../src/ausf/nf-sm.c:285)
07/09 16:15:08.552: [ausf] INFO: [4e44aee4-7bb1-41f1-a55e-f738233d2be9] NF de-registered (../src/ausf/nf-sm.c:222)
07/09 16:15:08.575: [ausf] ERROR: [4e44aee4-7bb1-41f1-a55e-f738233d2be9] HTTP response error [404] (../src/ausf/nf-sm.c:135)
07/09 16:15:08.878: [ausf] WARNING: [4e44aee4-7bb1-41f1-a55e-f738233d2be9] Retry to registration with NRF (../src/ausf/nf-sm.c:373)
07/09 16:15:08.880: [ausf] INFO: [4e44aee4-7bb1-41f1-a55e-f738233d2be9] NF registred [Heartbeat:10s] (../src/ausf/nf-sm.c:198)
Open5GS daemon v2.4.4

07/09 16:15:52.474: [app] INFO: Configuration: '/open5gs/install/etc/open5gs/ausf.yaml' (../lib/app/ogs-init.c:129)
07/09 16:15:52.474: [app] INFO: File Logging: '/open5gs/install/var/log/open5gs/ausf.log' (../lib/app/ogs-init.c:132)
07/09 16:15:52.480: [sbi] INFO: nghttp2_server() [127.0.0.11]:7777 (../lib/sbi/nghttp2-server.c:144)
07/09 16:15:52.502: [app] INFO: AUSF initialize...done (../src/ausf/app.c:31)
07/09 16:15:52.518: [ausf] INFO: [74d57214-7bb1-41f1-83a4-2de002171593] NF registred [Heartbeat:10s] (../src/ausf/nf-sm.c:198)
07/09 16:16:38.051: [ausf] ERROR: [74d57214-7bb1-41f1-83a4-2de002171593] No heartbeat (../src/ausf/nf-sm.c:285)
07/09 16:16:38.051: [ausf] INFO: [74d57214-7bb1-41f1-83a4-2de002171593] NF de-registered (../src/ausf/nf-sm.c:222)
07/09 16:16:38.091: [ausf] ERROR: [74d57214-7bb1-41f1-83a4-2de002171593] HTTP response error [404] (../src/ausf/nf-sm.c:135)
07/09 16:16:38.393: [ausf] WARNING: [74d57214-7bb1-41f1-83a4-2de002171593] Retry to registration with NRF (../src/ausf/nf-sm.c:373)
07/09 16:16:38.395: [ausf] INFO: [74d57214-7bb1-41f1-83a4-2de002171593] NF registred [Heartbeat:10s] (../src/ausf/nf-sm.c:198)
07/09 16:18:48.882: [ausf] ERROR: [74d57214-7bb1-41f1-83a4-2de002171593] No heartbeat (../src/ausf/nf-sm.c:285)
07/09 16:18:48.882: [ausf] INFO: [74d57214-7bb1-41f1-83a4-2de002171593] NF de-registered (../src/ausf/nf-sm.c:222)
07/09 16:18:48.960: [ausf] ERROR: [74d57214-7bb1-41f1-83a4-2de002171593] HTTP response error [404] (../src/ausf/nf-sm.c:135)
07/09 16:18:49.261: [ausf] WARNING: [74d57214-7bb1-41f1-83a4-2de002171593] Retry to registration with NRF (../src/ausf/nf-sm.c:373)
07/09 16:18:49.262: [ausf] INFO: [74d57214-7bb1-41f1-83a4-2de002171593] NF registred [Heartbeat:10s] (../src/ausf/nf-sm.c:198)
07/09 16:22:14.396: [ausf] ERROR: [74d57214-7bb1-41f1-83a4-2de002171593] No heartbeat (../src/ausf/nf-sm.c:285)
07/09 16:22:14.396: [ausf] INFO: [74d57214-7bb1-41f1-83a4-2de002171593] NF de-registered (../src/ausf/nf-sm.c:222)
07/09 16:22:14.430: [ausf] ERROR: [74d57214-7bb1-41f1-83a4-2de002171593] HTTP response error [404] (../src/ausf/nf-sm.c:135)
07/09 16:22:14.742: [ausf] WARNING: [74d57214-7bb1-41f1-83a4-2de002171593] Retry to registration with NRF (../src/ausf/nf-sm.c:373)
07/09 16:22:14.751: [ausf] INFO: [74d57214-7bb1-41f1-83a4-2de002171593] NF registred [Heartbeat:10s] (../src/ausf/nf-sm.c:198)
07/09 16:24:03.895: [ausf] ERROR: [74d57214-7bb1-41f1-83a4-2de002171593] No heartbeat (../src/ausf/nf-sm.c:285)
07/09 16:24:03.896: [ausf] INFO: [74d57214-7bb1-41f1-83a4-2de002171593] NF de-registered (../src/ausf/nf-sm.c:222)
07/09 16:24:03.923: [ausf] ERROR: [74d57214-7bb1-41f1-83a4-2de002171593] HTTP response error [404] (../src/ausf/nf-sm.c:135)
07/09 16:24:04.225: [ausf] WARNING: [74d57214-7bb1-41f1-83a4-2de002171593] Retry to registration with NRF (../src/ausf/nf-sm.c:373)
07/09 16:24:04.227: [ausf] INFO: [74d57214-7bb1-41f1-83a4-2de002171593] NF registred [Heartbeat:10s] (../src/ausf/nf-sm.c:198)
Open5GS daemon v2.4.4

07/09 16:32:00.070: [app] INFO: Configuration: '/open5gs/install/etc/open5gs/ausf.yaml' (../lib/app/ogs-init.c:129)
07/09 16:32:00.070: [app] INFO: File Logging: '/open5gs/install/var/log/open5gs/ausf.log' (../lib/app/ogs-init.c:132)
07/09 16:32:00.071: [sbi] INFO: nghttp2_server() [127.0.0.11]:7777 (../lib/sbi/nghttp2-server.c:144)
07/09 16:32:00.076: [app] INFO: AUSF initialize...done (../src/ausf/app.c:31)
07/09 16:32:00.088: [ausf] INFO: [b5909e44-7bb3-41f1-8958-bb89fe46377a] NF registred [Heartbeat:10s] (../src/ausf/nf-sm.c:198)
07/09 16:37:55.571: [ausf] ERROR: [b5909e44-7bb3-41f1-8958-bb89fe46377a] No heartbeat (../src/ausf/nf-sm.c:285)
07/09 16:37:55.571: [ausf] INFO: [b5909e44-7bb3-41f1-8958-bb89fe46377a] NF de-registered (../src/ausf/nf-sm.c:222)
07/09 16:37:55.710: [ausf] ERROR: [b5909e44-7bb3-41f1-8958-bb89fe46377a] HTTP response error [404] (../src/ausf/nf-sm.c:135)
07/09 16:37:56.011: [ausf] WARNING: [b5909e44-7bb3-41f1-8958-bb89fe46377a] Retry to registration with NRF (../src/ausf/nf-sm.c:373)
07/09 16:37:56.012: [ausf] INFO: [b5909e44-7bb3-41f1-8958-bb89fe46377a] NF registred [Heartbeat:10s] (../src/ausf/nf-sm.c:198)
07/09 16:40:43.755: [ausf] ERROR: [b5909e44-7bb3-41f1-8958-bb89fe46377a] No heartbeat (../src/ausf/nf-sm.c:285)
07/09 16:40:43.755: [ausf] INFO: [b5909e44-7bb3-41f1-8958-bb89fe46377a] NF de-registered (../src/ausf/nf-sm.c:222)
07/09 16:40:43.769: [ausf] ERROR: [b5909e44-7bb3-41f1-8958-bb89fe46377a] HTTP response error [404] (../src/ausf/nf-sm.c:135)
07/09 16:40:44.072: [ausf] WARNING: [b5909e44-7bb3-41f1-8958-bb89fe46377a] Retry to registration with NRF (../src/ausf/nf-sm.c:373)
07/09 16:40:44.073: [ausf] INFO: [b5909e44-7bb3-41f1-8958-bb89fe46377a] NF registred [Heartbeat:10s] (../src/ausf/nf-sm.c:198)
Open5GS daemon v2.4.4

07/10 14:18:51.062: [app] INFO: Configuration: '/open5gs/install/etc/open5gs/ausf.yaml' (../lib/app/ogs-init.c:129)
07/10 14:18:51.062: [app] INFO: File Logging: '/open5gs/install/var/log/open5gs/ausf.log' (../lib/app/ogs-init.c:132)
07/10 14:18:51.063: [sbi] INFO: nghttp2_server() [127.0.0.11]:7777 (../lib/sbi/nghttp2-server.c:144)
07/10 14:18:51.076: [app] INFO: AUSF initialize...done (../src/ausf/app.c:31)
07/10 14:18:51.103: [ausf] INFO: [46287a24-7c6a-41f1-ad9d-251ddebf4b1f] NF registred [Heartbeat:10s] (../src/ausf/nf-sm.c:198)
07/10 14:18:51.151: [ausf] INFO: [463474c8-7c6a-41f1-9836-d583343d427e] (NRF-notify) NF registered (../src/ausf/nnrf-handler.c:179)
07/10 14:18:51.151: [ausf] INFO: [463474c8-7c6a-41f1-9836-d583343d427e] (NRF-notify) NF Profile updated (../src/ausf/nnrf-handler.c:198)
07/10 14:21:59.196: [ausf] ERROR: [46287a24-7c6a-41f1-ad9d-251ddebf4b1f] No heartbeat (../src/ausf/nf-sm.c:285)
07/10 14:21:59.196: [ausf] INFO: [46287a24-7c6a-41f1-ad9d-251ddebf4b1f] NF de-registered (../src/ausf/nf-sm.c:222)
07/10 14:21:59.199: [ausf] ERROR: [46287a24-7c6a-41f1-ad9d-251ddebf4b1f] HTTP response error [404] (../src/ausf/nf-sm.c:135)
07/10 14:21:59.500: [ausf] WARNING: [46287a24-7c6a-41f1-ad9d-251ddebf4b1f] Retry to registration with NRF (../src/ausf/nf-sm.c:373)
07/10 14:21:59.501: [ausf] INFO: [46287a24-7c6a-41f1-ad9d-251ddebf4b1f] NF registred [Heartbeat:10s] (../src/ausf/nf-sm.c:198)
Open5GS daemon v2.4.4

07/10 14:28:13.581: [app] INFO: Configuration: '/open5gs/install/etc/open5gs/ausf.yaml' (../lib/app/ogs-init.c:129)
07/10 14:28:13.581: [app] INFO: File Logging: '/open5gs/install/var/log/open5gs/ausf.log' (../lib/app/ogs-init.c:132)
07/10 14:28:13.582: [sbi] INFO: nghttp2_server() [127.0.0.11]:7777 (../lib/sbi/nghttp2-server.c:144)
07/10 14:28:13.632: [app] INFO: AUSF initialize...done (../src/ausf/app.c:31)
07/10 14:28:13.638: [ausf] INFO: [95721dbe-7c6b-41f1-bd8d-1df7bade02cc] NF registred [Heartbeat:10s] (../src/ausf/nf-sm.c:198)
07/10 14:28:15.142: [app] WARNING: Try to discover [UDM] (../lib/sbi/path.c:110)
07/10 14:28:15.143: [app] WARNING: Try to discover [UDM] (../lib/sbi/path.c:110)
07/10 14:28:15.144: [ausf] INFO: [9571f848-7c6b-41f1-bd57-691ea7f2ff36] (NF-discover) NF registered (../src/ausf/nnrf-handler.c:283)
07/10 14:28:15.144: [ausf] INFO: [9571f848-7c6b-41f1-bd57-691ea7f2ff36] (NF-discover) NF Profile updated (../src/ausf/nnrf-handler.c:329)
07/10 14:28:15.145: [ausf] WARNING: [9571f848-7c6b-41f1-bd57-691ea7f2ff36] (NF-discover) NF has already been added (../src/ausf/nnrf-handler.c:288)
07/10 14:28:15.145: [ausf] INFO: [9571f848-7c6b-41f1-bd57-691ea7f2ff36] (NF-discover) NF Profile updated (../src/ausf/nnrf-handler.c:329)
07/10 14:29:49.306: [app] INFO: SIGHUP received (../src/main.c:58)
Open5GS daemon v2.4.4

07/10 14:32:35.470: [app] INFO: Configuration: '/open5gs/install/etc/open5gs/ausf.yaml' (../lib/app/ogs-init.c:129)
07/10 14:32:35.470: [app] INFO: File Logging: '/open5gs/install/var/log/open5gs/ausf.log' (../lib/app/ogs-init.c:132)
07/10 14:32:35.471: [sbi] INFO: nghttp2_server() [127.0.0.11]:7777 (../lib/sbi/nghttp2-server.c:144)
07/10 14:32:35.478: [app] INFO: AUSF initialize...done (../src/ausf/app.c:31)
07/10 14:32:35.479: [ausf] INFO: [318b32c6-7c6c-41f1-ab25-e79e8e5d2d9e] NF registred [Heartbeat:10s] (../src/ausf/nf-sm.c:198)
07/10 14:32:35.491: [ausf] INFO: [318d4fb6-7c6c-41f1-b15c-5f5c7ed9e328] (NRF-notify) NF registered (../src/ausf/nnrf-handler.c:179)
07/10 14:32:35.491: [ausf] INFO: [318d4fb6-7c6c-41f1-b15c-5f5c7ed9e328] (NRF-notify) NF Profile updated (../src/ausf/nnrf-handler.c:198)
Open5GS daemon v2.4.4

07/10 14:43:11.064: [app] INFO: Configuration: '/open5gs/install/etc/open5gs/ausf.yaml' (../lib/app/ogs-init.c:129)
07/10 14:43:11.064: [app] INFO: File Logging: '/open5gs/install/var/log/open5gs/ausf.log' (../lib/app/ogs-init.c:132)
07/10 14:43:11.070: [sbi] INFO: nghttp2_server() [127.0.0.11]:7777 (../lib/sbi/nghttp2-server.c:144)
07/10 14:43:11.075: [app] INFO: AUSF initialize...done (../src/ausf/app.c:31)
07/10 14:43:11.075: [ausf] INFO: [ac63ef28-7c6d-41f1-a2bd-21f19cafdfd3] NF registred [Heartbeat:10s] (../src/ausf/nf-sm.c:198)
07/10 14:43:11.094: [ausf] INFO: [ac662180-7c6d-41f1-9533-7d9ec3e3a5ab] (NRF-notify) NF registered (../src/ausf/nnrf-handler.c:179)
07/10 14:43:11.094: [ausf] INFO: [ac662180-7c6d-41f1-9533-7d9ec3e3a5ab] (NRF-notify) NF Profile updated (../src/ausf/nnrf-handler.c:198)
07/10 14:45:58.972: [ausf] ERROR: [ac63ef28-7c6d-41f1-a2bd-21f19cafdfd3] No heartbeat (../src/ausf/nf-sm.c:285)
07/10 14:45:58.972: [ausf] INFO: [ac63ef28-7c6d-41f1-a2bd-21f19cafdfd3] NF de-registered (../src/ausf/nf-sm.c:222)
07/10 14:45:59.014: [ausf] ERROR: [ac63ef28-7c6d-41f1-a2bd-21f19cafdfd3] HTTP response error [404] (../src/ausf/nf-sm.c:135)
07/10 14:46:57.256: [ausf] WARNING: [ac63ef28-7c6d-41f1-a2bd-21f19cafdfd3] Retry to registration with NRF (../src/ausf/nf-sm.c:373)
07/10 14:46:57.306: [ausf] INFO: [ac63ef28-7c6d-41f1-a2bd-21f19cafdfd3] NF registred [Heartbeat:10s] (../src/ausf/nf-sm.c:198)
07/10 14:55:10.717: [ausf] ERROR: [ac63ef28-7c6d-41f1-a2bd-21f19cafdfd3] No heartbeat (../src/ausf/nf-sm.c:285)
07/10 14:55:10.717: [ausf] INFO: [ac63ef28-7c6d-41f1-a2bd-21f19cafdfd3] NF de-registered (../src/ausf/nf-sm.c:222)
07/10 14:55:10.784: [ausf] ERROR: [ac63ef28-7c6d-41f1-a2bd-21f19cafdfd3] HTTP response error [404] (../src/ausf/nf-sm.c:135)
07/10 14:55:11.087: [ausf] WARNING: [ac63ef28-7c6d-41f1-a2bd-21f19cafdfd3] Retry to registration with NRF (../src/ausf/nf-sm.c:373)
07/10 14:55:11.092: [ausf] INFO: [ac63ef28-7c6d-41f1-a2bd-21f19cafdfd3] NF registred [Heartbeat:10s] (../src/ausf/nf-sm.c:198)
07/10 14:59:58.910: [ausf] ERROR: [ac63ef28-7c6d-41f1-a2bd-21f19cafdfd3] No heartbeat (../src/ausf/nf-sm.c:285)
07/10 14:59:58.939: [ausf] INFO: [ac63ef28-7c6d-41f1-a2bd-21f19cafdfd3] NF de-registered (../src/ausf/nf-sm.c:222)
07/10 14:59:59.138: [ausf] ERROR: [ac63ef28-7c6d-41f1-a2bd-21f19cafdfd3] HTTP response error [404] (../src/ausf/nf-sm.c:135)
07/10 15:02:57.499: [ausf] WARNING: [ac63ef28-7c6d-41f1-a2bd-21f19cafdfd3] Retry to registration with NRF (../src/ausf/nf-sm.c:373)
07/10 15:02:57.526: [ausf] INFO: [ac63ef28-7c6d-41f1-a2bd-21f19cafdfd3] NF registred [Heartbeat:10s] (../src/ausf/nf-sm.c:198)
07/10 15:03:26.023: [app] INFO: SIGHUP received (../src/main.c:58)
Open5GS daemon v2.4.4

07/10 15:50:10.336: [app] INFO: Configuration: '/open5gs/install/etc/open5gs/ausf.yaml' (../lib/app/ogs-init.c:129)
07/10 15:50:10.336: [app] INFO: File Logging: '/open5gs/install/var/log/open5gs/ausf.log' (../lib/app/ogs-init.c:132)
07/10 15:50:10.342: [sbi] INFO: nghttp2_server() [127.0.0.11]:7777 (../lib/sbi/nghttp2-server.c:144)
07/10 15:50:10.344: [app] INFO: AUSF initialize...done (../src/ausf/app.c:31)
07/10 15:50:10.355: [ausf] INFO: [0810024a-7c77-41f1-8ca5-19309259a682] NF registred [Heartbeat:10s] (../src/ausf/nf-sm.c:198)
07/10 15:50:10.388: [ausf] INFO: [08134414-7c77-41f1-9c6f-57c0f37e0f2f] (NRF-notify) NF registered (../src/ausf/nnrf-handler.c:179)
07/10 15:50:10.388: [ausf] INFO: [08134414-7c77-41f1-9c6f-57c0f37e0f2f] (NRF-notify) NF Profile updated (../src/ausf/nnrf-handler.c:198)
07/10 15:54:33.390: [ausf] ERROR: [0810024a-7c77-41f1-8ca5-19309259a682] No heartbeat (../src/ausf/nf-sm.c:285)
07/10 15:54:33.390: [ausf] INFO: [0810024a-7c77-41f1-8ca5-19309259a682] NF de-registered (../src/ausf/nf-sm.c:222)
07/10 15:54:33.511: [ausf] ERROR: [0810024a-7c77-41f1-8ca5-19309259a682] HTTP response error [404] (../src/ausf/nf-sm.c:135)
07/10 15:54:33.813: [ausf] WARNING: [0810024a-7c77-41f1-8ca5-19309259a682] Retry to registration with NRF (../src/ausf/nf-sm.c:373)
07/10 15:54:33.818: [ausf] INFO: [0810024a-7c77-41f1-8ca5-19309259a682] NF registred [Heartbeat:10s] (../src/ausf/nf-sm.c:198)
07/10 16:00:10.475: [ausf] ERROR: [0810024a-7c77-41f1-8ca5-19309259a682] No heartbeat (../src/ausf/nf-sm.c:285)
07/10 16:00:10.476: [ausf] INFO: [0810024a-7c77-41f1-8ca5-19309259a682] NF de-registered (../src/ausf/nf-sm.c:222)
07/10 16:00:10.508: [ausf] ERROR: [0810024a-7c77-41f1-8ca5-19309259a682] HTTP response error [404] (../src/ausf/nf-sm.c:135)
07/10 16:00:10.812: [ausf] WARNING: [0810024a-7c77-41f1-8ca5-19309259a682] Retry to registration with NRF (../src/ausf/nf-sm.c:373)
07/10 16:00:10.813: [ausf] INFO: [0810024a-7c77-41f1-8ca5-19309259a682] NF registred [Heartbeat:10s] (../src/ausf/nf-sm.c:198)
07/10 16:00:34.639: [ausf] ERROR: [0810024a-7c77-41f1-8ca5-19309259a682] No heartbeat (../src/ausf/nf-sm.c:285)
07/10 16:00:34.639: [ausf] INFO: [0810024a-7c77-41f1-8ca5-19309259a682] NF de-registered (../src/ausf/nf-sm.c:222)
07/10 16:00:34.643: [ausf] ERROR: [0810024a-7c77-41f1-8ca5-19309259a682] HTTP response error [404] (../src/ausf/nf-sm.c:135)
07/10 16:00:37.654: [ausf] WARNING: [0810024a-7c77-41f1-8ca5-19309259a682] Retry to registration with NRF (../src/ausf/nf-sm.c:373)
07/10 16:00:37.658: [ausf] INFO: [0810024a-7c77-41f1-8ca5-19309259a682] NF registred [Heartbeat:10s] (../src/ausf/nf-sm.c:198)
07/10 16:00:49.266: [ausf] ERROR: [0810024a-7c77-41f1-8ca5-19309259a682] No heartbeat (../src/ausf/nf-sm.c:285)
07/10 16:00:49.266: [ausf] INFO: [0810024a-7c77-41f1-8ca5-19309259a682] NF de-registered (../src/ausf/nf-sm.c:222)
07/10 16:00:49.276: [ausf] ERROR: [0810024a-7c77-41f1-8ca5-19309259a682] HTTP response error [404] (../src/ausf/nf-sm.c:135)
07/10 16:00:49.578: [ausf] WARNING: [0810024a-7c77-41f1-8ca5-19309259a682] Retry to registration with NRF (../src/ausf/nf-sm.c:373)
07/10 16:00:49.580: [ausf] INFO: [0810024a-7c77-41f1-8ca5-19309259a682] NF registred [Heartbeat:10s] (../src/ausf/nf-sm.c:198)
Open5GS daemon v2.4.4

07/10 16:04:39.595: [app] INFO: Configuration: '/open5gs/install/etc/open5gs/ausf.yaml' (../lib/app/ogs-init.c:129)
07/10 16:04:39.596: [app] INFO: File Logging: '/open5gs/install/var/log/open5gs/ausf.log' (../lib/app/ogs-init.c:132)
07/10 16:04:39.611: [sbi] INFO: nghttp2_server() [127.0.0.11]:7777 (../lib/sbi/nghttp2-server.c:144)
07/10 16:04:39.622: [app] INFO: AUSF initialize...done (../src/ausf/app.c:31)
07/10 16:04:39.642: [ausf] INFO: [0e2ff3b8-7c79-41f1-b498-e7e645dfc772] NF registred [Heartbeat:10s] (../src/ausf/nf-sm.c:198)
07/10 16:04:39.667: [ausf] INFO: [0e36bbe4-7c79-41f1-ac38-1552ba96f462] (NRF-notify) NF registered (../src/ausf/nnrf-handler.c:179)
07/10 16:04:39.667: [ausf] INFO: [0e36bbe4-7c79-41f1-ac38-1552ba96f462] (NRF-notify) NF Profile updated (../src/ausf/nnrf-handler.c:198)
07/10 16:07:12.141: [ausf] ERROR: [0e2ff3b8-7c79-41f1-b498-e7e645dfc772] No heartbeat (../src/ausf/nf-sm.c:285)
07/10 16:07:12.141: [ausf] INFO: [0e2ff3b8-7c79-41f1-b498-e7e645dfc772] NF de-registered (../src/ausf/nf-sm.c:222)
07/10 16:07:12.163: [ausf] ERROR: [0e2ff3b8-7c79-41f1-b498-e7e645dfc772] HTTP response error [404] (../src/ausf/nf-sm.c:135)
07/10 16:07:12.468: [ausf] WARNING: [0e2ff3b8-7c79-41f1-b498-e7e645dfc772] Retry to registration with NRF (../src/ausf/nf-sm.c:373)
07/10 16:07:12.473: [ausf] INFO: [0e2ff3b8-7c79-41f1-b498-e7e645dfc772] NF registred [Heartbeat:10s] (../src/ausf/nf-sm.c:198)
Open5GS daemon v2.4.4

07/10 16:08:04.403: [app] INFO: Configuration: '/open5gs/install/etc/open5gs/ausf.yaml' (../lib/app/ogs-init.c:129)
07/10 16:08:04.403: [app] INFO: File Logging: '/open5gs/install/var/log/open5gs/ausf.log' (../lib/app/ogs-init.c:132)
07/10 16:08:04.408: [sbi] INFO: nghttp2_server() [127.0.0.11]:7777 (../lib/sbi/nghttp2-server.c:144)
07/10 16:08:04.409: [app] INFO: AUSF initialize...done (../src/ausf/app.c:31)
07/10 16:08:04.412: [ausf] INFO: [884127b2-7c79-41f1-86ed-e39a29140f00] NF registred [Heartbeat:10s] (../src/ausf/nf-sm.c:198)
07/10 16:08:05.582: [app] WARNING: Try to discover [UDM] (../lib/sbi/path.c:110)
07/10 16:08:05.594: [ausf] INFO: [883cb2d6-7c79-41f1-a66f-934c806e0925] (NF-discover) NF registered (../src/ausf/nnrf-handler.c:283)
07/10 16:08:05.594: [ausf] INFO: [883cb2d6-7c79-41f1-a66f-934c806e0925] (NF-discover) NF Profile updated (../src/ausf/nnrf-handler.c:329)
07/10 16:10:40.624: [ausf] ERROR: [884127b2-7c79-41f1-86ed-e39a29140f00] No heartbeat (../src/ausf/nf-sm.c:285)
07/10 16:10:40.624: [ausf] INFO: [884127b2-7c79-41f1-86ed-e39a29140f00] NF de-registered (../src/ausf/nf-sm.c:222)
07/10 16:10:40.642: [ausf] ERROR: [884127b2-7c79-41f1-86ed-e39a29140f00] HTTP response error [404] (../src/ausf/nf-sm.c:135)
07/10 16:10:52.543: [ausf] WARNING: [884127b2-7c79-41f1-86ed-e39a29140f00] Retry to registration with NRF (../src/ausf/nf-sm.c:373)
07/10 16:10:52.553: [ausf] INFO: [884127b2-7c79-41f1-86ed-e39a29140f00] NF registred [Heartbeat:10s] (../src/ausf/nf-sm.c:198)
07/10 16:12:29.935: [ausf] ERROR: [884127b2-7c79-41f1-86ed-e39a29140f00] No heartbeat (../src/ausf/nf-sm.c:285)
07/10 16:12:29.935: [ausf] INFO: [884127b2-7c79-41f1-86ed-e39a29140f00] NF de-registered (../src/ausf/nf-sm.c:222)
07/10 16:12:29.942: [ausf] ERROR: [884127b2-7c79-41f1-86ed-e39a29140f00] HTTP response error [404] (../src/ausf/nf-sm.c:135)
07/10 16:12:31.208: [ausf] WARNING: [884127b2-7c79-41f1-86ed-e39a29140f00] Retry to registration with NRF (../src/ausf/nf-sm.c:373)
07/10 16:12:31.216: [ausf] INFO: [884127b2-7c79-41f1-86ed-e39a29140f00] NF registred [Heartbeat:10s] (../src/ausf/nf-sm.c:198)
07/10 16:12:54.297: [ausf] ERROR: [884127b2-7c79-41f1-86ed-e39a29140f00] No heartbeat (../src/ausf/nf-sm.c:285)
07/10 16:12:54.297: [ausf] INFO: [884127b2-7c79-41f1-86ed-e39a29140f00] NF de-registered (../src/ausf/nf-sm.c:222)
07/10 16:12:54.311: [ausf] ERROR: [884127b2-7c79-41f1-86ed-e39a29140f00] HTTP response error [404] (../src/ausf/nf-sm.c:135)
07/10 16:12:56.007: [ausf] WARNING: [884127b2-7c79-41f1-86ed-e39a29140f00] Retry to registration with NRF (../src/ausf/nf-sm.c:373)
07/10 16:12:56.087: [ausf] INFO: [884127b2-7c79-41f1-86ed-e39a29140f00] NF registred [Heartbeat:10s] (../src/ausf/nf-sm.c:198)
07/10 16:12:56.180: [ausf] WARNING: [883cb2d6-7c79-41f1-a66f-934c806e0925] (NRF-notify) NF has already been added (../src/ausf/nnrf-handler.c:185)
07/10 16:12:56.180: [ausf] INFO: [883cb2d6-7c79-41f1-a66f-934c806e0925] (NRF-notify) NF Profile updated (../src/ausf/nnrf-handler.c:198)
Open5GS daemon v2.4.4

07/10 16:13:29.915: [app] INFO: Configuration: '/open5gs/install/etc/open5gs/ausf.yaml' (../lib/app/ogs-init.c:129)
07/10 16:13:29.915: [app] INFO: File Logging: '/open5gs/install/var/log/open5gs/ausf.log' (../lib/app/ogs-init.c:132)
07/10 16:13:29.920: [sbi] INFO: nghttp2_server() [127.0.0.11]:7777 (../lib/sbi/nghttp2-server.c:144)
07/10 16:13:29.921: [app] INFO: AUSF initialize...done (../src/ausf/app.c:31)
07/10 16:13:29.925: [ausf] INFO: [4a46acb0-7c7a-41f1-a531-d18a5c0e67bd] NF registred [Heartbeat:10s] (../src/ausf/nf-sm.c:198)
07/10 16:13:29.932: [ausf] INFO: [4a4677ae-7c7a-41f1-b7ce-49bbbfb5ecbb] (NRF-notify) NF registered (../src/ausf/nnrf-handler.c:179)
07/10 16:13:29.932: [ausf] INFO: [4a4677ae-7c7a-41f1-b7ce-49bbbfb5ecbb] (NRF-notify) NF Profile updated (../src/ausf/nnrf-handler.c:198)
Open5GS daemon v2.4.4

07/10 16:15:43.867: [app] INFO: Configuration: '/open5gs/install/etc/open5gs/ausf.yaml' (../lib/app/ogs-init.c:129)
07/10 16:15:43.867: [app] INFO: File Logging: '/open5gs/install/var/log/open5gs/ausf.log' (../lib/app/ogs-init.c:132)
07/10 16:15:43.868: [sbi] INFO: nghttp2_server() [127.0.0.11]:7777 (../lib/sbi/nghttp2-server.c:144)
07/10 16:15:43.876: [app] INFO: AUSF initialize...done (../src/ausf/app.c:31)
07/10 16:15:43.877: [ausf] INFO: [9a1d946a-7c7a-41f1-88a7-d915c7f5243b] NF registred [Heartbeat:10s] (../src/ausf/nf-sm.c:198)
07/10 16:15:43.891: [ausf] INFO: [9a1f3b62-7c7a-41f1-a670-9fff485d77af] (NRF-notify) NF registered (../src/ausf/nnrf-handler.c:179)
07/10 16:15:43.891: [ausf] INFO: [9a1f3b62-7c7a-41f1-a670-9fff485d77af] (NRF-notify) NF Profile updated (../src/ausf/nnrf-handler.c:198)
07/10 16:16:32.605: [ausf] ERROR: [9a1d946a-7c7a-41f1-88a7-d915c7f5243b] No heartbeat (../src/ausf/nf-sm.c:285)
07/10 16:16:32.605: [ausf] INFO: [9a1d946a-7c7a-41f1-88a7-d915c7f5243b] NF de-registered (../src/ausf/nf-sm.c:222)
07/10 16:16:32.618: [ausf] ERROR: [9a1d946a-7c7a-41f1-88a7-d915c7f5243b] HTTP response error [404] (../src/ausf/nf-sm.c:135)
07/10 16:16:32.920: [ausf] WARNING: [9a1d946a-7c7a-41f1-88a7-d915c7f5243b] Retry to registration with NRF (../src/ausf/nf-sm.c:373)
07/10 16:16:32.922: [ausf] INFO: [9a1d946a-7c7a-41f1-88a7-d915c7f5243b] NF registred [Heartbeat:10s] (../src/ausf/nf-sm.c:198)
07/10 16:20:32.676: [ausf] ERROR: [9a1d946a-7c7a-41f1-88a7-d915c7f5243b] No heartbeat (../src/ausf/nf-sm.c:285)
07/10 16:20:32.676: [ausf] INFO: [9a1d946a-7c7a-41f1-88a7-d915c7f5243b] NF de-registered (../src/ausf/nf-sm.c:222)
07/10 16:20:32.687: [ausf] ERROR: [9a1d946a-7c7a-41f1-88a7-d915c7f5243b] HTTP response error [404] (../src/ausf/nf-sm.c:135)
07/10 16:20:33.009: [ausf] WARNING: [9a1d946a-7c7a-41f1-88a7-d915c7f5243b] Retry to registration with NRF (../src/ausf/nf-sm.c:373)
07/10 16:20:33.010: [ausf] INFO: [9a1d946a-7c7a-41f1-88a7-d915c7f5243b] NF registred [Heartbeat:10s] (../src/ausf/nf-sm.c:198)
07/10 16:23:52.518: [ausf] ERROR: [9a1d946a-7c7a-41f1-88a7-d915c7f5243b] No heartbeat (../src/ausf/nf-sm.c:285)
07/10 16:23:52.518: [ausf] INFO: [9a1d946a-7c7a-41f1-88a7-d915c7f5243b] NF de-registered (../src/ausf/nf-sm.c:222)
07/10 16:23:52.583: [ausf] ERROR: [9a1d946a-7c7a-41f1-88a7-d915c7f5243b] HTTP response error [404] (../src/ausf/nf-sm.c:135)
07/10 16:23:52.899: [ausf] WARNING: [9a1d946a-7c7a-41f1-88a7-d915c7f5243b] Retry to registration with NRF (../src/ausf/nf-sm.c:373)
07/10 16:23:52.900: [ausf] INFO: [9a1d946a-7c7a-41f1-88a7-d915c7f5243b] NF registred [Heartbeat:10s] (../src/ausf/nf-sm.c:198)
07/10 16:23:54.269: [ausf] WARNING: [9a1f3b62-7c7a-41f1-a670-9fff485d77af] (NRF-notify) NF has already been added (../src/ausf/nnrf-handler.c:185)
07/10 16:23:54.274: [ausf] INFO: [9a1f3b62-7c7a-41f1-a670-9fff485d77af] (NRF-notify) NF Profile updated (../src/ausf/nnrf-handler.c:198)
07/10 16:23:54.274: [ausf] INFO: [9a1f3b62-7c7a-41f1-a670-9fff485d77af:11] (NRF-notify) NF suspended (../src/ausf/nnrf-handler.c:216)
07/10 16:23:56.339: [ausf] WARNING: [9a1f3b62-7c7a-41f1-a670-9fff485d77af] (NRF-notify) NF has already been added (../src/ausf/nnrf-handler.c:185)
07/10 16:23:56.339: [ausf] INFO: [9a1f3b62-7c7a-41f1-a670-9fff485d77af] (NRF-notify) NF Profile updated (../src/ausf/nnrf-handler.c:198)
Open5GS daemon v2.4.4

07/10 16:24:31.836: [app] INFO: Configuration: '/open5gs/install/etc/open5gs/ausf.yaml' (../lib/app/ogs-init.c:129)
07/10 16:24:31.836: [app] INFO: File Logging: '/open5gs/install/var/log/open5gs/ausf.log' (../lib/app/ogs-init.c:132)
07/10 16:24:31.837: [sbi] INFO: nghttp2_server() [127.0.0.11]:7777 (../lib/sbi/nghttp2-server.c:144)
07/10 16:24:31.846: [app] INFO: AUSF initialize...done (../src/ausf/app.c:31)
07/10 16:24:31.847: [ausf] INFO: [d4cf4198-7c7b-41f1-ad2b-c9406beffbf8] NF registred [Heartbeat:10s] (../src/ausf/nf-sm.c:198)
07/10 16:24:31.849: [ausf] INFO: [d4cf4cba-7c7b-41f1-81b0-4907c0c0b4e3] (NRF-notify) NF registered (../src/ausf/nnrf-handler.c:179)
07/10 16:24:31.849: [ausf] INFO: [d4cf4cba-7c7b-41f1-81b0-4907c0c0b4e3] (NRF-notify) NF Profile updated (../src/ausf/nnrf-handler.c:198)
07/10 16:26:56.441: [app] INFO: SIGHUP received (../src/main.c:58)
Open5GS daemon v2.4.4

07/10 16:31:14.380: [app] INFO: Configuration: '/open5gs/install/etc/open5gs/ausf.yaml' (../lib/app/ogs-init.c:129)
07/10 16:31:14.381: [app] INFO: File Logging: '/open5gs/install/var/log/open5gs/ausf.log' (../lib/app/ogs-init.c:132)
07/10 16:31:14.382: [sbi] INFO: nghttp2_server() [127.0.0.11]:7777 (../lib/sbi/nghttp2-server.c:144)
07/10 16:31:14.384: [app] INFO: AUSF initialize...done (../src/ausf/app.c:31)
07/10 16:31:14.385: [ausf] INFO: [c4beb60c-7c7c-41f1-b7df-27ce1c84a91c] NF registred [Heartbeat:10s] (../src/ausf/nf-sm.c:198)
07/10 16:31:14.395: [ausf] INFO: [c4c04670-7c7c-41f1-9f16-61481f906647] (NRF-notify) NF registered (../src/ausf/nnrf-handler.c:179)
07/10 16:31:14.395: [ausf] INFO: [c4c04670-7c7c-41f1-9f16-61481f906647] (NRF-notify) NF Profile updated (../src/ausf/nnrf-handler.c:198)
07/10 16:32:46.534: [ausf] ERROR: [c4beb60c-7c7c-41f1-b7df-27ce1c84a91c] No heartbeat (../src/ausf/nf-sm.c:285)
07/10 16:32:46.534: [ausf] INFO: [c4beb60c-7c7c-41f1-b7df-27ce1c84a91c] NF de-registered (../src/ausf/nf-sm.c:222)
07/10 16:32:46.554: [ausf] ERROR: [c4beb60c-7c7c-41f1-b7df-27ce1c84a91c] HTTP response error [204] (../src/ausf/nf-sm.c:135)
07/10 16:32:46.861: [ausf] WARNING: [c4beb60c-7c7c-41f1-b7df-27ce1c84a91c] Retry to registration with NRF (../src/ausf/nf-sm.c:373)
07/10 16:32:46.863: [ausf] INFO: [c4beb60c-7c7c-41f1-b7df-27ce1c84a91c] NF registred [Heartbeat:10s] (../src/ausf/nf-sm.c:198)
07/10 16:34:16.034: [ausf] ERROR: [c4beb60c-7c7c-41f1-b7df-27ce1c84a91c] No heartbeat (../src/ausf/nf-sm.c:285)
07/10 16:34:16.034: [ausf] INFO: [c4beb60c-7c7c-41f1-b7df-27ce1c84a91c] NF de-registered (../src/ausf/nf-sm.c:222)
07/10 16:34:16.039: [ausf] ERROR: [c4beb60c-7c7c-41f1-b7df-27ce1c84a91c] HTTP response error [404] (../src/ausf/nf-sm.c:135)
07/10 16:39:30.223: [ausf] WARNING: [c4beb60c-7c7c-41f1-b7df-27ce1c84a91c] Retry to registration with NRF (../src/ausf/nf-sm.c:373)
07/10 16:39:30.334: [ausf] INFO: [c4beb60c-7c7c-41f1-b7df-27ce1c84a91c] NF registred [Heartbeat:10s] (../src/ausf/nf-sm.c:198)
07/10 16:44:21.092: [ausf] ERROR: [c4beb60c-7c7c-41f1-b7df-27ce1c84a91c] No heartbeat (../src/ausf/nf-sm.c:285)
07/10 16:44:21.092: [ausf] INFO: [c4beb60c-7c7c-41f1-b7df-27ce1c84a91c] NF de-registered (../src/ausf/nf-sm.c:222)
07/10 16:44:21.100: [ausf] ERROR: [c4beb60c-7c7c-41f1-b7df-27ce1c84a91c] HTTP response error [404] (../src/ausf/nf-sm.c:135)
07/10 16:44:21.402: [ausf] WARNING: [c4beb60c-7c7c-41f1-b7df-27ce1c84a91c] Retry to registration with NRF (../src/ausf/nf-sm.c:373)
07/10 16:44:21.404: [ausf] INFO: [c4beb60c-7c7c-41f1-b7df-27ce1c84a91c] NF registred [Heartbeat:10s] (../src/ausf/nf-sm.c:198)
07/10 16:46:46.241: [app] INFO: SIGHUP received (../src/main.c:58)
Open5GS daemon v2.4.4

07/10 16:48:39.265: [app] INFO: Configuration: '/open5gs/install/etc/open5gs/ausf.yaml' (../lib/app/ogs-init.c:129)
07/10 16:48:39.265: [app] INFO: File Logging: '/open5gs/install/var/log/open5gs/ausf.log' (../lib/app/ogs-init.c:132)
07/10 16:48:39.267: [sbi] INFO: nghttp2_server() [127.0.0.11]:7777 (../lib/sbi/nghttp2-server.c:144)
07/10 16:48:39.294: [app] INFO: AUSF initialize...done (../src/ausf/app.c:31)
07/10 16:48:39.320: [ausf] INFO: [338b98e6-7c7f-41f1-8b8d-512a0c187796] NF registred [Heartbeat:10s] (../src/ausf/nf-sm.c:198)
07/10 16:48:41.623: [app] WARNING: Try to discover [UDM] (../lib/sbi/path.c:110)
07/10 16:48:41.625: [ausf] INFO: [338fb822-7c7f-41f1-8310-f3a39585cf50] (NF-discover) NF registered (../src/ausf/nnrf-handler.c:283)
07/10 16:48:41.625: [ausf] INFO: [338fb822-7c7f-41f1-8310-f3a39585cf50] (NF-discover) NF Profile updated (../src/ausf/nnrf-handler.c:329)
07/10 16:49:53.738: [ausf] ERROR: [338b98e6-7c7f-41f1-8b8d-512a0c187796] No heartbeat (../src/ausf/nf-sm.c:285)
07/10 16:49:53.738: [ausf] INFO: [338b98e6-7c7f-41f1-8b8d-512a0c187796] NF de-registered (../src/ausf/nf-sm.c:222)
07/10 16:49:53.813: [ausf] ERROR: [338b98e6-7c7f-41f1-8b8d-512a0c187796] HTTP response error [404] (../src/ausf/nf-sm.c:135)
07/10 16:49:55.998: [ausf] WARNING: [338b98e6-7c7f-41f1-8b8d-512a0c187796] Retry to registration with NRF (../src/ausf/nf-sm.c:373)
07/10 16:49:56.002: [ausf] INFO: [338b98e6-7c7f-41f1-8b8d-512a0c187796] NF registred [Heartbeat:10s] (../src/ausf/nf-sm.c:198)
07/10 18:15:22.506: [ausf] ERROR: [338b98e6-7c7f-41f1-8b8d-512a0c187796] No heartbeat (../src/ausf/nf-sm.c:285)
07/10 18:15:22.506: [ausf] INFO: [338b98e6-7c7f-41f1-8b8d-512a0c187796] NF de-registered (../src/ausf/nf-sm.c:222)
07/10 18:15:22.506: [ausf] INFO: [338fb822-7c7f-41f1-8310-f3a39585cf50] NF expired (../src/ausf/nf-sm.c:291)
07/10 18:15:22.710: [ausf] ERROR: [338b98e6-7c7f-41f1-8b8d-512a0c187796] HTTP response error [404] (../src/ausf/nf-sm.c:135)
07/10 18:15:23.075: [ausf] WARNING: [338b98e6-7c7f-41f1-8b8d-512a0c187796] Retry to registration with NRF (../src/ausf/nf-sm.c:373)
07/10 18:15:23.133: [ausf] INFO: [338b98e6-7c7f-41f1-8b8d-512a0c187796] NF registred [Heartbeat:10s] (../src/ausf/nf-sm.c:198)
07/10 18:20:54.429: [ausf] ERROR: [338b98e6-7c7f-41f1-8b8d-512a0c187796] No heartbeat (../src/ausf/nf-sm.c:285)
07/10 18:20:54.429: [ausf] INFO: [338b98e6-7c7f-41f1-8b8d-512a0c187796] NF de-registered (../src/ausf/nf-sm.c:222)
07/10 18:20:54.430: [ausf] ERROR: [338b98e6-7c7f-41f1-8b8d-512a0c187796] HTTP response error [204] (../src/ausf/nf-sm.c:135)
07/10 18:20:54.732: [ausf] WARNING: [338b98e6-7c7f-41f1-8b8d-512a0c187796] Retry to registration with NRF (../src/ausf/nf-sm.c:373)
07/10 18:20:54.734: [ausf] INFO: [338b98e6-7c7f-41f1-8b8d-512a0c187796] NF registred [Heartbeat:10s] (../src/ausf/nf-sm.c:198)
07/10 18:20:57.981: [app] INFO: SIGHUP received (../src/main.c:58)
Open5GS daemon v2.4.4

07/10 18:53:47.298: [app] INFO: Configuration: '/open5gs/install/etc/open5gs/ausf.yaml' (../lib/app/ogs-init.c:129)
07/10 18:53:47.298: [app] INFO: File Logging: '/open5gs/install/var/log/open5gs/ausf.log' (../lib/app/ogs-init.c:132)
07/10 18:53:47.298: [sbi] INFO: nghttp2_server() [127.0.0.11]:7777 (../lib/sbi/nghttp2-server.c:144)
07/10 18:53:47.322: [app] INFO: AUSF initialize...done (../src/ausf/app.c:31)
07/10 18:53:47.338: [ausf] INFO: [aeae440e-7c90-41f1-aced-0972122b7e57] NF registred [Heartbeat:10s] (../src/ausf/nf-sm.c:198)
07/10 18:53:47.368: [ausf] INFO: [aeb6db1e-7c90-41f1-9808-fb7de1b2097c] (NRF-notify) NF registered (../src/ausf/nnrf-handler.c:179)
07/10 18:53:47.368: [ausf] INFO: [aeb6db1e-7c90-41f1-9808-fb7de1b2097c] (NRF-notify) NF Profile updated (../src/ausf/nnrf-handler.c:198)
07/10 18:56:38.831: [ausf] ERROR: [aeae440e-7c90-41f1-aced-0972122b7e57] No heartbeat (../src/ausf/nf-sm.c:285)
07/10 18:56:38.831: [ausf] INFO: [aeae440e-7c90-41f1-aced-0972122b7e57] NF de-registered (../src/ausf/nf-sm.c:222)
07/10 18:56:38.854: [ausf] ERROR: [aeae440e-7c90-41f1-aced-0972122b7e57] HTTP response error [404] (../src/ausf/nf-sm.c:135)
07/10 18:56:39.155: [ausf] WARNING: [aeae440e-7c90-41f1-aced-0972122b7e57] Retry to registration with NRF (../src/ausf/nf-sm.c:373)
07/10 18:56:39.158: [ausf] INFO: [aeae440e-7c90-41f1-aced-0972122b7e57] NF registred [Heartbeat:10s] (../src/ausf/nf-sm.c:198)
Open5GS daemon v2.4.4

08/27 16:29:33.509: [app] INFO: Configuration: '/open5gs/install/etc/open5gs/ausf.yaml' (../lib/app/ogs-init.c:129)
08/27 16:29:33.509: [app] INFO: File Logging: '/open5gs/install/var/log/open5gs/ausf.log' (../lib/app/ogs-init.c:132)
08/27 16:29:33.510: [sbi] INFO: nghttp2_server() [127.0.0.11]:7777 (../lib/sbi/nghttp2-server.c:144)
08/27 16:29:33.561: [app] INFO: AUSF initialize...done (../src/ausf/app.c:31)
08/27 16:29:33.650: [ausf] INFO: [7c72e5d4-a234-41f1-bfa2-45772607cbf0] NF registred [Heartbeat:10s] (../src/ausf/nf-sm.c:198)
08/27 16:29:37.929: [app] WARNING: Try to discover [UDM] (../lib/sbi/path.c:110)
08/27 16:29:37.930: [ausf] INFO: [7c802988-a234-41f1-a868-a3a3cc697c7a] (NF-discover) NF registered (../src/ausf/nnrf-handler.c:283)
08/27 16:29:37.930: [ausf] INFO: [7c802988-a234-41f1-a868-a3a3cc697c7a] (NF-discover) NF Profile updated (../src/ausf/nnrf-handler.c:329)
08/27 16:42:48.464: [app] INFO: SIGHUP received (../src/main.c:58)
Open5GS daemon v2.4.4

08/27 16:46:21.126: [app] INFO: Configuration: '/open5gs/install/etc/open5gs/ausf.yaml' (../lib/app/ogs-init.c:129)
08/27 16:46:21.126: [app] INFO: File Logging: '/open5gs/install/var/log/open5gs/ausf.log' (../lib/app/ogs-init.c:132)
08/27 16:46:21.129: [sbi] INFO: nghttp2_server() [127.0.0.11]:7777 (../lib/sbi/nghttp2-server.c:144)
08/27 16:46:21.138: [app] INFO: AUSF initialize...done (../src/ausf/app.c:31)
08/27 16:46:21.138: [ausf] INFO: [d5095ba4-a236-41f1-8fe5-0ffe9cbc2e18] NF registred [Heartbeat:10s] (../src/ausf/nf-sm.c:198)
08/27 16:46:21.141: [ausf] INFO: [d508e00c-a236-41f1-90af-278b0b97561b] (NRF-notify) NF registered (../src/ausf/nnrf-handler.c:179)
08/27 16:46:21.141: [ausf] INFO: [d508e00c-a236-41f1-90af-278b0b97561b] (NRF-notify) NF Profile updated (../src/ausf/nnrf-handler.c:198)
Open5GS daemon v2.4.4

08/28 12:16:29.144: [app] INFO: Configuration: '/open5gs/install/etc/open5gs/ausf.yaml' (../lib/app/ogs-init.c:129)
08/28 12:16:29.157: [app] INFO: File Logging: '/open5gs/install/var/log/open5gs/ausf.log' (../lib/app/ogs-init.c:132)
08/28 12:16:29.169: [sbi] INFO: nghttp2_server() [127.0.0.11]:7777 (../lib/sbi/nghttp2-server.c:144)
08/28 12:16:29.226: [app] INFO: AUSF initialize...done (../src/ausf/app.c:31)
08/28 12:16:29.277: [ausf] INFO: [4c4875da-a2da-41f1-aabb-e763e9558543] NF registred [Heartbeat:10s] (../src/ausf/nf-sm.c:198)
08/28 12:16:31.143: [app] WARNING: Try to discover [UDM] (../lib/sbi/path.c:110)
08/28 12:16:31.143: [ausf] INFO: [4c4ca286-a2da-41f1-87b8-738bebf20242] (NF-discover) NF registered (../src/ausf/nnrf-handler.c:283)
08/28 12:16:31.143: [ausf] INFO: [4c4ca286-a2da-41f1-87b8-738bebf20242] (NF-discover) NF Profile updated (../src/ausf/nnrf-handler.c:329)
Open5GS daemon v2.4.4

08/28 12:31:52.792: [app] INFO: Configuration: '/open5gs/install/etc/open5gs/ausf.yaml' (../lib/app/ogs-init.c:129)
08/28 12:31:52.792: [app] INFO: File Logging: '/open5gs/install/var/log/open5gs/ausf.log' (../lib/app/ogs-init.c:132)
08/28 12:31:52.793: [sbi] INFO: nghttp2_server() [127.0.0.11]:7777 (../lib/sbi/nghttp2-server.c:144)
08/28 12:31:52.794: [app] INFO: AUSF initialize...done (../src/ausf/app.c:31)
08/28 12:31:52.795: [ausf] INFO: [72cff49c-a2dc-41f1-a8e0-cdb5acddb110] NF registred [Heartbeat:10s] (../src/ausf/nf-sm.c:198)
08/28 12:31:52.801: [ausf] INFO: [72d0f310-a2dc-41f1-9693-5112e5b01c08] (NRF-notify) NF registered (../src/ausf/nnrf-handler.c:179)
08/28 12:31:52.801: [ausf] INFO: [72d0f310-a2dc-41f1-9693-5112e5b01c08] (NRF-notify) NF Profile updated (../src/ausf/nnrf-handler.c:198)
Open5GS daemon v2.4.4

08/28 12:39:59.912: [app] INFO: Configuration: '/open5gs/install/etc/open5gs/ausf.yaml' (../lib/app/ogs-init.c:129)
08/28 12:39:59.912: [app] INFO: File Logging: '/open5gs/install/var/log/open5gs/ausf.log' (../lib/app/ogs-init.c:132)
08/28 12:39:59.912: [sbi] INFO: nghttp2_server() [127.0.0.11]:7777 (../lib/sbi/nghttp2-server.c:144)
08/28 12:39:59.916: [app] INFO: AUSF initialize...done (../src/ausf/app.c:31)
08/28 12:39:59.918: [ausf] INFO: [95286dfc-a2dd-41f1-a74a-89f29fa8b2ce] NF registred [Heartbeat:10s] (../src/ausf/nf-sm.c:198)
08/28 12:40:01.914: [app] WARNING: Try to discover [UDM] (../lib/sbi/path.c:110)
08/28 12:40:01.915: [ausf] INFO: [95284fac-a2dd-41f1-9a08-55281d70fae2] (NF-discover) NF registered (../src/ausf/nnrf-handler.c:283)
08/28 12:40:01.915: [ausf] INFO: [95284fac-a2dd-41f1-9a08-55281d70fae2] (NF-discover) NF Profile updated (../src/ausf/nnrf-handler.c:329)
Open5GS daemon v2.4.4

08/28 12:41:21.996: [app] INFO: Configuration: '/open5gs/install/etc/open5gs/ausf.yaml' (../lib/app/ogs-init.c:129)
08/28 12:41:21.996: [app] INFO: File Logging: '/open5gs/install/var/log/open5gs/ausf.log' (../lib/app/ogs-init.c:132)
08/28 12:41:21.998: [sbi] INFO: nghttp2_server() [127.0.0.11]:7777 (../lib/sbi/nghttp2-server.c:144)
08/28 12:41:21.999: [app] INFO: AUSF initialize...done (../src/ausf/app.c:31)
08/28 12:41:22.000: [ausf] INFO: [c615bb36-a2dd-41f1-b9a8-c366bb7730ad] NF registred [Heartbeat:10s] (../src/ausf/nf-sm.c:198)
08/28 12:41:27.742: [app] WARNING: Try to discover [UDM] (../lib/sbi/path.c:110)
08/28 12:41:27.743: [ausf] INFO: [c614fb74-a2dd-41f1-8fc6-cdf314f3bf5d] (NF-discover) NF registered (../src/ausf/nnrf-handler.c:283)
08/28 12:41:27.743: [ausf] INFO: [c614fb74-a2dd-41f1-8fc6-cdf314f3bf5d] (NF-discover) NF Profile updated (../src/ausf/nnrf-handler.c:329)
Open5GS daemon v2.4.4

08/28 12:54:25.829: [app] INFO: Configuration: '/open5gs/install/etc/open5gs/ausf.yaml' (../lib/app/ogs-init.c:129)
08/28 12:54:25.829: [app] INFO: File Logging: '/open5gs/install/var/log/open5gs/ausf.log' (../lib/app/ogs-init.c:132)
08/28 12:54:25.831: [sbi] INFO: nghttp2_server() [127.0.0.11]:7777 (../lib/sbi/nghttp2-server.c:144)
08/28 12:54:25.834: [app] INFO: AUSF initialize...done (../src/ausf/app.c:31)
08/28 12:54:25.835: [ausf] INFO: [99492a3c-a2df-41f1-bda1-1598cfa66afa] NF registred [Heartbeat:10s] (../src/ausf/nf-sm.c:198)
08/28 12:54:25.836: [ausf] INFO: [9949acc8-a2df-41f1-b8e5-1de76951609f] (NRF-notify) NF registered (../src/ausf/nnrf-handler.c:179)
08/28 12:54:25.836: [ausf] INFO: [9949acc8-a2df-41f1-b8e5-1de76951609f] (NRF-notify) NF Profile updated (../src/ausf/nnrf-handler.c:198)
Open5GS daemon v2.4.4

08/29 09:44:33.136: [app] INFO: Configuration: '/open5gs/install/etc/open5gs/ausf.yaml' (../lib/app/ogs-init.c:129)
08/29 09:44:33.136: [app] INFO: File Logging: '/open5gs/install/var/log/open5gs/ausf.log' (../lib/app/ogs-init.c:132)
08/29 09:44:33.150: [sbi] INFO: nghttp2_server() [127.0.0.11]:7777 (../lib/sbi/nghttp2-server.c:144)
08/29 09:44:33.160: [app] INFO: AUSF initialize...done (../src/ausf/app.c:31)
08/29 09:44:33.183: [ausf] INFO: [3d20e6b4-a38e-41f1-a1a6-c5f1a97184f7] NF registred [Heartbeat:10s] (../src/ausf/nf-sm.c:198)
08/29 09:44:35.227: [app] WARNING: Try to discover [UDM] (../lib/sbi/path.c:110)
08/29 09:44:35.228: [ausf] INFO: [3d20e4ca-a38e-41f1-aab8-1bbf08b54718] (NF-discover) NF registered (../src/ausf/nnrf-handler.c:283)
08/29 09:44:35.228: [ausf] INFO: [3d20e4ca-a38e-41f1-aab8-1bbf08b54718] (NF-discover) NF Profile updated (../src/ausf/nnrf-handler.c:329)
Open5GS daemon v2.4.4

08/29 09:46:27.723: [app] INFO: Configuration: '/open5gs/install/etc/open5gs/ausf.yaml' (../lib/app/ogs-init.c:129)
08/29 09:46:27.723: [app] INFO: File Logging: '/open5gs/install/var/log/open5gs/ausf.log' (../lib/app/ogs-init.c:132)
08/29 09:46:27.723: [sbi] INFO: nghttp2_server() [127.0.0.11]:7777 (../lib/sbi/nghttp2-server.c:144)
08/29 09:46:27.724: [app] INFO: AUSF initialize...done (../src/ausf/app.c:31)
08/29 09:46:27.725: [ausf] INFO: [816c4da4-a38e-41f1-a2f1-89963c1c70f6] NF registred [Heartbeat:10s] (../src/ausf/nf-sm.c:198)
08/29 09:46:27.734: [ausf] INFO: [816c5ac4-a38e-41f1-b0e8-c5f554109ef1] (NRF-notify) NF registered (../src/ausf/nnrf-handler.c:179)
08/29 09:46:27.734: [ausf] INFO: [816c5ac4-a38e-41f1-b0e8-c5f554109ef1] (NRF-notify) NF Profile updated (../src/ausf/nnrf-handler.c:198)
08/29 09:47:04.208: [app] INFO: SIGHUP received (../src/main.c:58)
Open5GS daemon v2.4.4

08/29 09:47:48.253: [app] INFO: Configuration: '/open5gs/install/etc/open5gs/ausf.yaml' (../lib/app/ogs-init.c:129)
08/29 09:47:48.253: [app] INFO: File Logging: '/open5gs/install/var/log/open5gs/ausf.log' (../lib/app/ogs-init.c:132)
08/29 09:47:48.256: [sbi] INFO: nghttp2_server() [127.0.0.11]:7777 (../lib/sbi/nghttp2-server.c:144)
08/29 09:47:48.259: [app] INFO: AUSF initialize...done (../src/ausf/app.c:31)
08/29 09:47:48.262: [ausf] INFO: [b16c79f2-a38e-41f1-acde-6be629d01a69] NF registred [Heartbeat:10s] (../src/ausf/nf-sm.c:198)
08/29 09:47:50.220: [app] WARNING: Try to discover [UDM] (../lib/sbi/path.c:110)
08/29 09:47:50.221: [ausf] INFO: [b16c9838-a38e-41f1-afe3-5b8dbc59bb3f] (NF-discover) NF registered (../src/ausf/nnrf-handler.c:283)
08/29 09:47:50.221: [ausf] INFO: [b16c9838-a38e-41f1-afe3-5b8dbc59bb3f] (NF-discover) NF Profile updated (../src/ausf/nnrf-handler.c:329)
Open5GS daemon v2.4.4

08/29 13:57:00.770: [app] INFO: Configuration: '/open5gs/install/etc/open5gs/ausf.yaml' (../lib/app/ogs-init.c:129)
08/29 13:57:00.770: [app] INFO: File Logging: '/open5gs/install/var/log/open5gs/ausf.log' (../lib/app/ogs-init.c:132)
08/29 13:57:00.771: [sbi] INFO: nghttp2_server() [127.0.0.11]:7777 (../lib/sbi/nghttp2-server.c:144)
08/29 13:57:00.776: [app] INFO: AUSF initialize...done (../src/ausf/app.c:31)
08/29 13:57:00.777: [ausf] INFO: [81d14f2e-a3b1-41f1-a4c2-41095db89f25] NF registred [Heartbeat:10s] (../src/ausf/nf-sm.c:198)
08/29 13:57:02.580: [app] WARNING: Try to discover [UDM] (../lib/sbi/path.c:110)
08/29 13:57:02.581: [ausf] INFO: [81d149d4-a3b1-41f1-a150-9591c21d53b2] (NF-discover) NF registered (../src/ausf/nnrf-handler.c:283)
08/29 13:57:02.581: [ausf] INFO: [81d149d4-a3b1-41f1-a150-9591c21d53b2] (NF-discover) NF Profile updated (../src/ausf/nnrf-handler.c:329)
Open5GS daemon v2.4.4

08/29 14:25:49.800: [app] INFO: Configuration: '/open5gs/install/etc/open5gs/ausf.yaml' (../lib/app/ogs-init.c:129)
08/29 14:25:49.800: [app] INFO: File Logging: '/open5gs/install/var/log/open5gs/ausf.log' (../lib/app/ogs-init.c:132)
08/29 14:25:49.800: [sbi] INFO: nghttp2_server() [127.0.0.11]:7777 (../lib/sbi/nghttp2-server.c:144)
08/29 14:25:49.802: [app] INFO: AUSF initialize...done (../src/ausf/app.c:31)
08/29 14:25:49.803: [ausf] INFO: [88664174-a3b5-41f1-ac2d-1b48efba3821] NF registred [Heartbeat:10s] (../src/ausf/nf-sm.c:198)
08/29 14:25:51.849: [app] WARNING: Try to discover [UDM] (../lib/sbi/path.c:110)
08/29 14:25:51.849: [ausf] INFO: [886615d2-a3b5-41f1-b592-a3d5c091a1a2] (NF-discover) NF registered (../src/ausf/nnrf-handler.c:283)
08/29 14:25:51.849: [ausf] INFO: [886615d2-a3b5-41f1-b592-a3d5c091a1a2] (NF-discover) NF Profile updated (../src/ausf/nnrf-handler.c:329)
Open5GS daemon v2.4.4

08/29 14:46:13.070: [app] INFO: Configuration: '/open5gs/install/etc/open5gs/ausf.yaml' (../lib/app/ogs-init.c:129)
08/29 14:46:13.070: [app] INFO: File Logging: '/open5gs/install/var/log/open5gs/ausf.log' (../lib/app/ogs-init.c:132)
08/29 14:46:13.071: [sbi] INFO: nghttp2_server() [127.0.0.11]:7777 (../lib/sbi/nghttp2-server.c:144)
08/29 14:46:13.082: [app] INFO: AUSF initialize...done (../src/ausf/app.c:31)
08/29 14:46:13.083: [ausf] INFO: [618688f4-a3b8-41f1-b5dc-6516062589e1] NF registred [Heartbeat:10s] (../src/ausf/nf-sm.c:198)
08/29 14:46:17.068: [app] WARNING: Try to discover [UDM] (../lib/sbi/path.c:110)
08/29 14:46:17.069: [ausf] INFO: [61881340-a3b8-41f1-b78b-b3d20eff907d] (NF-discover) NF registered (../src/ausf/nnrf-handler.c:283)
08/29 14:46:17.069: [ausf] INFO: [61881340-a3b8-41f1-b78b-b3d20eff907d] (NF-discover) NF Profile updated (../src/ausf/nnrf-handler.c:329)
Open5GS daemon v2.4.4

09/04 11:00:49.665: [app] INFO: Configuration: '/open5gs/install/etc/open5gs/ausf.yaml' (../lib/app/ogs-init.c:129)
09/04 11:00:49.665: [app] INFO: File Logging: '/open5gs/install/var/log/open5gs/ausf.log' (../lib/app/ogs-init.c:132)
09/04 11:00:49.670: [sbi] INFO: nghttp2_server() [127.0.0.11]:7777 (../lib/sbi/nghttp2-server.c:144)
09/04 11:00:49.683: [app] INFO: AUSF initialize...done (../src/ausf/app.c:31)
09/04 11:00:49.702: [ausf] INFO: [e36dc6d4-a84f-41f1-a168-4752515465c8] NF registred [Heartbeat:10s] (../src/ausf/nf-sm.c:198)
09/04 11:00:51.775: [app] WARNING: Try to discover [UDM] (../lib/sbi/path.c:110)
09/04 11:00:51.775: [ausf] INFO: [e36db946-a84f-41f1-9994-e12423ac482a] (NF-discover) NF registered (../src/ausf/nnrf-handler.c:283)
09/04 11:00:51.776: [ausf] INFO: [e36db946-a84f-41f1-9994-e12423ac482a] (NF-discover) NF Profile updated (../src/ausf/nnrf-handler.c:329)
09/04 12:00:51.787: [ausf] INFO: [e36db946-a84f-41f1-9994-e12423ac482a] NF expired (../src/ausf/nf-sm.c:291)
Open5GS daemon v2.4.4

09/04 15:18:44.233: [app] INFO: Configuration: '/open5gs/install/etc/open5gs/ausf.yaml' (../lib/app/ogs-init.c:129)
09/04 15:18:44.233: [app] INFO: File Logging: '/open5gs/install/var/log/open5gs/ausf.log' (../lib/app/ogs-init.c:132)
09/04 15:18:44.234: [sbi] INFO: nghttp2_server() [127.0.0.11]:7777 (../lib/sbi/nghttp2-server.c:144)
09/04 15:18:44.241: [app] INFO: AUSF initialize...done (../src/ausf/app.c:31)
09/04 15:18:44.243: [ausf] INFO: [eafcdd3a-a873-41f1-b2d9-01edddb1f2ee] NF registred [Heartbeat:10s] (../src/ausf/nf-sm.c:198)
09/04 15:18:45.960: [app] WARNING: Try to discover [UDM] (../lib/sbi/path.c:110)
09/04 15:18:45.961: [ausf] INFO: [eafcdc04-a873-41f1-acac-1fdb13c6eb5d] (NF-discover) NF registered (../src/ausf/nnrf-handler.c:283)
09/04 15:18:45.961: [ausf] INFO: [eafcdc04-a873-41f1-acac-1fdb13c6eb5d] (NF-discover) NF Profile updated (../src/ausf/nnrf-handler.c:329)
