UERANSIM v3.2.6
[2026-09-04 15:18:44.907] [sctp] [info] Trying to establish SCTP connection... (192.168.0.111:38412)
[2026-09-04 15:18:44.950] [sctp] [info] SCTP connection established (192.168.0.111:38412)
[2026-09-04 15:18:44.950] [sctp] [debug] SCTP association setup ascId[416]
[2026-09-04 15:18:44.951] [ngap] [debug] Sending NG Setup Request
[2026-09-04 15:18:44.965] [ngap] [debug] NG Setup Response received
[2026-09-04 15:18:44.965] [ngap] [info] NG Setup procedure is successful
[2026-09-04 15:18:47.945] [rrc] [debug] UE[1] new signal detected
[2026-09-04 15:18:51.962] [rrc] [debug] UE[2] new signal detected
[2026-09-04 15:18:51.974] [rrc] [info] RRC Setup for UE[1]
[2026-09-04 15:18:51.974] [rrc] [info] RRC Setup for UE[2]
[2026-09-04 15:18:51.984] [ngap] [debug] Initial NAS message received from UE[2]
[2026-09-04 15:18:51.984] [ngap] [debug] Initial NAS message received from UE[1]
[2026-09-04 15:18:52.099] [ngap] [debug] Initial Context Setup Request received
[2026-09-04 15:18:52.118] [ngap] [debug] Initial Context Setup Request received
[2026-09-04 15:18:52.148] [ngap] [info] PDU session resource(s) setup for UE[2] count[1]
[2026-09-04 15:18:52.246] [ngap] [info] PDU session resource(s) setup for UE[1] count[1]
[2026-09-04 15:18:55.980] [rrc] [debug] UE[3] new signal detected
[2026-09-04 15:19:02.002] [rrc] [debug] UE[4] new signal detected
[2026-09-04 15:19:02.012] [rrc] [info] RRC Setup for UE[4]
[2026-09-04 15:19:02.021] [ngap] [debug] Initial NAS message received from UE[4]
[2026-09-04 15:19:02.122] [ngap] [debug] Initial Context Setup Request received
[2026-09-04 15:19:02.362] [ngap] [info] PDU session resource(s) setup for UE[4] count[1]
[2026-09-04 15:19:03.474] [rrc] [info] RRC Setup for UE[3]
[2026-09-04 15:19:03.486] [ngap] [debug] Initial NAS message received from UE[3]
[2026-09-04 15:19:03.579] [ngap] [debug] Initial Context Setup Request received
[2026-09-04 15:19:03.907] [ngap] [info] PDU session resource(s) setup for UE[3] count[1]
[2026-09-04 15:19:04.006] [rrc] [debug] UE[5] new signal detected
[2026-09-04 15:19:04.014] [rrc] [info] RRC Setup for UE[5]
[2026-09-04 15:19:04.024] [ngap] [debug] Initial NAS message received from UE[5]
[2026-09-04 15:19:04.246] [ngap] [debug] Initial Context Setup Request received
[2026-09-04 15:19:04.491] [ngap] [info] PDU session resource(s) setup for UE[5] count[1]
terminate called after throwing an instance of 'LibError'
  what():  sendto failed:  Network is unreachable
