Open5GS daemon v2.4.4

04/14 13:02:48.596: [app] INFO: Configuration: '/open5gs/install/etc/open5gs/nrf.yaml' (../lib/app/ogs-init.c:129)
04/14 13:02:48.596: [app] INFO: File Logging: '/open5gs/install/var/log/open5gs/nrf.log' (../lib/app/ogs-init.c:132)
04/14 13:02:48.614: [sbi] INFO: nghttp2_server() [127.0.0.10]:7777 (../lib/sbi/nghttp2-server.c:144)
04/14 13:02:48.614: [app] INFO: NRF initialize...done (../src/nrf/app.c:31)
04/14 13:02:53.683: [nrf] INFO: [3fc12f16-3802-41f1-8fa4-09e33c2cd893] NF registred [Heartbeat:10s] (../src/nrf/nf-sm.c:192)
04/14 13:02:53.737: [nrf] INFO: [3fc4cf54-3802-41f1-8599-e58c4620f7f7] NF registred [Heartbeat:10s] (../src/nrf/nf-sm.c:192)
04/14 13:02:53.737: [nrf] INFO: [3fd21fb0-3802-41f1-85f9-e18c94067213] NF registred [Heartbeat:10s] (../src/nrf/nf-sm.c:192)
04/14 13:02:53.738: [nrf] INFO: [3fd750de-3802-41f1-91d5-6d6a7875f01a] NF registred [Heartbeat:10s] (../src/nrf/nf-sm.c:192)
04/14 13:02:53.759: [nrf] INFO: [3fd94290-3802-41f1-b84b-f73448731f76] NF registred [Heartbeat:10s] (../src/nrf/nf-sm.c:192)
04/14 13:02:53.778: [nrf] INFO: [3fdc42c4-3802-41f1-898d-19cba9b7ab2e] NF registred [Heartbeat:10s] (../src/nrf/nf-sm.c:192)
Open5GS daemon v2.4.4

04/14 13:12:56.308: [app] INFO: Configuration: '/open5gs/install/etc/open5gs/nrf.yaml' (../lib/app/ogs-init.c:129)
04/14 13:12:56.308: [app] INFO: File Logging: '/open5gs/install/var/log/open5gs/nrf.log' (../lib/app/ogs-init.c:132)
04/14 13:12:56.310: [sbi] INFO: nghttp2_server() [127.0.0.10]:7777 (../lib/sbi/nghttp2-server.c:144)
04/14 13:12:56.310: [app] INFO: NRF initialize...done (../src/nrf/app.c:31)
04/14 13:13:01.376: [nrf] INFO: [aa0388be-3803-41f1-a04f-abf73985caaa] NF registred [Heartbeat:10s] (../src/nrf/nf-sm.c:192)
04/14 13:13:01.386: [nrf] INFO: [aa048ae8-3803-41f1-a8ce-f1e86078368d] NF registred [Heartbeat:10s] (../src/nrf/nf-sm.c:192)
04/14 13:13:01.393: [nrf] INFO: [aa0748be-3803-41f1-9e18-e5789ad12f67] NF registred [Heartbeat:10s] (../src/nrf/nf-sm.c:192)
04/14 13:13:01.397: [nrf] INFO: [aa06afe4-3803-41f1-b573-45df53bde350] NF registred [Heartbeat:10s] (../src/nrf/nf-sm.c:192)
04/14 13:13:01.411: [nrf] INFO: [aa07c19a-3803-41f1-8473-6fd14e580c3d] NF registred [Heartbeat:10s] (../src/nrf/nf-sm.c:192)
04/14 13:13:01.418: [nrf] INFO: [aa09fa82-3803-41f1-a96a-479b2104b51a] NF registred [Heartbeat:10s] (../src/nrf/nf-sm.c:192)
Open5GS daemon v2.4.4

04/14 13:15:18.817: [app] INFO: Configuration: '/open5gs/install/etc/open5gs/nrf.yaml' (../lib/app/ogs-init.c:129)
04/14 13:15:18.817: [app] INFO: File Logging: '/open5gs/install/var/log/open5gs/nrf.log' (../lib/app/ogs-init.c:132)
04/14 13:15:18.819: [sbi] INFO: nghttp2_server() [127.0.0.10]:7777 (../lib/sbi/nghttp2-server.c:144)
04/14 13:15:18.819: [app] INFO: NRF initialize...done (../src/nrf/app.c:31)
04/14 13:15:23.817: [nrf] INFO: [fee8ef36-3803-41f1-acbf-add10dde9dcb] NF registred [Heartbeat:10s] (../src/nrf/nf-sm.c:192)
04/14 13:15:23.818: [nrf] INFO: [feeba5a0-3803-41f1-ac19-cbba9e19212e] NF registred [Heartbeat:10s] (../src/nrf/nf-sm.c:192)
04/14 13:15:23.828: [nrf] INFO: [feeab0e6-3803-41f1-8e4b-4f7a065af988] NF registred [Heartbeat:10s] (../src/nrf/nf-sm.c:192)
04/14 13:15:23.854: [nrf] INFO: [fef0800c-3803-41f1-839f-7be3769dd0ef] NF registred [Heartbeat:10s] (../src/nrf/nf-sm.c:192)
04/14 13:15:23.855: [nrf] INFO: [fef0b18a-3803-41f1-b2cc-a91503f56b6c] NF registred [Heartbeat:10s] (../src/nrf/nf-sm.c:192)
04/14 13:15:23.858: [nrf] INFO: [fef0ed94-3803-41f1-b15f-4b2c95f98b5b] NF registred [Heartbeat:10s] (../src/nrf/nf-sm.c:192)
Open5GS daemon v2.4.4

04/14 13:18:08.298: [app] INFO: Configuration: '/open5gs/install/etc/open5gs/nrf.yaml' (../lib/app/ogs-init.c:129)
04/14 13:18:08.298: [app] INFO: File Logging: '/open5gs/install/var/log/open5gs/nrf.log' (../lib/app/ogs-init.c:132)
04/14 13:18:08.313: [sbi] INFO: nghttp2_server() [127.0.0.10]:7777 (../lib/sbi/nghttp2-server.c:144)
04/14 13:18:08.313: [app] INFO: NRF initialize...done (../src/nrf/app.c:31)
04/14 13:18:13.310: [nrf] INFO: [63f1dfc8-3804-41f1-8271-4f9764a30825] NF registred [Heartbeat:10s] (../src/nrf/nf-sm.c:192)
04/14 13:18:13.320: [nrf] INFO: [63f0f18a-3804-41f1-8aa1-93442c7da2fb] NF registred [Heartbeat:10s] (../src/nrf/nf-sm.c:192)
04/14 13:18:13.341: [nrf] INFO: [63f6bea8-3804-41f1-ab72-85c68f12e22e] NF registred [Heartbeat:10s] (../src/nrf/nf-sm.c:192)
04/14 13:18:13.348: [nrf] INFO: [63f5e686-3804-41f1-b418-b962653fa948] NF registred [Heartbeat:10s] (../src/nrf/nf-sm.c:192)
04/14 13:18:13.354: [nrf] INFO: [63f83fda-3804-41f1-beef-eb9d19ad0486] NF registred [Heartbeat:10s] (../src/nrf/nf-sm.c:192)
04/14 13:18:13.365: [nrf] INFO: [63f54410-3804-41f1-bbaa-8dd2c02960ce] NF registred [Heartbeat:10s] (../src/nrf/nf-sm.c:192)
Open5GS daemon v2.4.4

04/14 15:18:11.617: [app] INFO: Configuration: '/open5gs/install/etc/open5gs/nrf.yaml' (../lib/app/ogs-init.c:129)
04/14 15:18:11.617: [app] INFO: File Logging: '/open5gs/install/var/log/open5gs/nrf.log' (../lib/app/ogs-init.c:132)
04/14 15:18:11.618: [sbi] INFO: nghttp2_server() [127.0.0.10]:7777 (../lib/sbi/nghttp2-server.c:144)
04/14 15:18:11.618: [app] INFO: NRF initialize...done (../src/nrf/app.c:31)
04/14 15:18:16.609: [nrf] INFO: [297120aa-3815-41f1-8e4b-ff88993c5536] NF registred [Heartbeat:10s] (../src/nrf/nf-sm.c:192)
04/14 15:18:16.610: [nrf] INFO: [29726f32-3815-41f1-9baf-2951e9e106c1] NF registred [Heartbeat:10s] (../src/nrf/nf-sm.c:192)
04/14 15:18:16.610: [nrf] INFO: [29713a4a-3815-41f1-88d2-cd680e87f5ff] NF registred [Heartbeat:10s] (../src/nrf/nf-sm.c:192)
04/14 15:18:16.627: [nrf] INFO: [29726258-3815-41f1-81ae-89368cb90a87] NF registred [Heartbeat:10s] (../src/nrf/nf-sm.c:192)
04/14 15:18:16.627: [nrf] INFO: [2971b2e0-3815-41f1-87b7-59fae03f4f3d] NF registred [Heartbeat:10s] (../src/nrf/nf-sm.c:192)
04/14 15:18:16.640: [nrf] INFO: [29753cd0-3815-41f1-8753-158816a6cbb7] NF registred [Heartbeat:10s] (../src/nrf/nf-sm.c:192)
Open5GS daemon v2.4.4

04/14 15:19:05.908: [app] INFO: Configuration: '/open5gs/install/etc/open5gs/nrf.yaml' (../lib/app/ogs-init.c:129)
04/14 15:19:05.908: [app] INFO: File Logging: '/open5gs/install/var/log/open5gs/nrf.log' (../lib/app/ogs-init.c:132)
04/14 15:19:05.909: [sbi] INFO: nghttp2_server() [127.0.0.10]:7777 (../lib/sbi/nghttp2-server.c:144)
04/14 15:19:05.917: [app] INFO: NRF initialize...done (../src/nrf/app.c:31)
04/14 15:19:10.862: [nrf] INFO: [49c94616-3815-41f1-a22e-3330cde342a5] NF registred [Heartbeat:10s] (../src/nrf/nf-sm.c:192)
04/14 15:19:10.998: [nrf] INFO: [49ddf390-3815-41f1-a4ac-0fc6e6fe8841] NF registred [Heartbeat:10s] (../src/nrf/nf-sm.c:192)
04/14 15:19:10.998: [nrf] INFO: [49de41ec-3815-41f1-aade-ff214ff06d72] NF registred [Heartbeat:10s] (../src/nrf/nf-sm.c:192)
04/14 15:19:11.001: [nrf] INFO: [49deca5e-3815-41f1-838f-591d95a53f15] NF registred [Heartbeat:10s] (../src/nrf/nf-sm.c:192)
04/14 15:19:11.013: [nrf] INFO: [49e05180-3815-41f1-be73-e3977a4a5b61] NF registred [Heartbeat:10s] (../src/nrf/nf-sm.c:192)
04/14 15:19:11.020: [nrf] INFO: [49e1a774-3815-41f1-a69a-574ab36667ba] NF registred [Heartbeat:10s] (../src/nrf/nf-sm.c:192)
Open5GS daemon v2.4.4

04/14 15:22:28.257: [app] INFO: Configuration: '/open5gs/install/etc/open5gs/nrf.yaml' (../lib/app/ogs-init.c:129)
04/14 15:22:28.257: [app] INFO: File Logging: '/open5gs/install/var/log/open5gs/nrf.log' (../lib/app/ogs-init.c:132)
04/14 15:22:28.260: [sbi] INFO: nghttp2_server() [127.0.0.10]:7777 (../lib/sbi/nghttp2-server.c:144)
04/14 15:22:28.260: [app] INFO: NRF initialize...done (../src/nrf/app.c:31)
04/14 15:22:33.270: [nrf] INFO: [c26d45ae-3815-41f1-b549-5dcf6cb6e5cd] NF registred [Heartbeat:10s] (../src/nrf/nf-sm.c:192)
04/14 15:22:33.271: [nrf] INFO: [c26d594a-3815-41f1-97fb-81841195bad9] NF registred [Heartbeat:10s] (../src/nrf/nf-sm.c:192)
04/14 15:22:33.306: [nrf] INFO: [c273d66c-3815-41f1-b504-ab566c9b935f] NF registred [Heartbeat:10s] (../src/nrf/nf-sm.c:192)
04/14 15:22:33.311: [nrf] INFO: [c272d4d8-3815-41f1-9200-f1c5ebd870fe] NF registred [Heartbeat:10s] (../src/nrf/nf-sm.c:192)
04/14 15:22:33.327: [nrf] INFO: [c274f100-3815-41f1-bda5-39cc80d7c9d6] NF registred [Heartbeat:10s] (../src/nrf/nf-sm.c:192)
04/14 15:22:33.327: [nrf] INFO: [c27398be-3815-41f1-90f9-6f28f5ea32f9] NF registred [Heartbeat:10s] (../src/nrf/nf-sm.c:192)
Open5GS daemon v2.4.4

04/14 16:40:36.313: [app] INFO: Configuration: '/open5gs/install/etc/open5gs/nrf.yaml' (../lib/app/ogs-init.c:129)
04/14 16:40:36.313: [app] INFO: File Logging: '/open5gs/install/var/log/open5gs/nrf.log' (../lib/app/ogs-init.c:132)
04/14 16:40:36.318: [sbi] INFO: nghttp2_server() [127.0.0.10]:7777 (../lib/sbi/nghttp2-server.c:144)
04/14 16:40:36.318: [app] INFO: NRF initialize...done (../src/nrf/app.c:31)
04/14 16:40:41.381: [nrf] INFO: [acc2903c-3820-41f1-96c2-cdf3a7126103] NF registred [Heartbeat:10s] (../src/nrf/nf-sm.c:192)
04/14 16:40:41.382: [nrf] INFO: [acc18c14-3820-41f1-8d56-b101575f39fe] NF registred [Heartbeat:10s] (../src/nrf/nf-sm.c:192)
04/14 16:40:41.383: [nrf] INFO: [acc28ed4-3820-41f1-a961-d74c9d52b4bb] NF registred [Heartbeat:10s] (../src/nrf/nf-sm.c:192)
04/14 16:40:41.385: [nrf] INFO: [acc2aa22-3820-41f1-9aa0-75960221ab33] NF registred [Heartbeat:10s] (../src/nrf/nf-sm.c:192)
04/14 16:40:41.388: [nrf] INFO: [acc39f72-3820-41f1-a334-9fbeafd2d1ea] NF registred [Heartbeat:10s] (../src/nrf/nf-sm.c:192)
04/14 16:40:41.405: [nrf] INFO: [acc37506-3820-41f1-9d83-9d4fff1a8489] NF registred [Heartbeat:10s] (../src/nrf/nf-sm.c:192)
Open5GS daemon v2.4.4

04/15 14:08:27.756: [app] INFO: Configuration: '/open5gs/install/etc/open5gs/nrf.yaml' (../lib/app/ogs-init.c:129)
04/15 14:08:27.756: [app] INFO: File Logging: '/open5gs/install/var/log/open5gs/nrf.log' (../lib/app/ogs-init.c:132)
04/15 14:08:27.767: [sbi] INFO: nghttp2_server() [127.0.0.10]:7777 (../lib/sbi/nghttp2-server.c:144)
04/15 14:08:27.768: [app] INFO: NRF initialize...done (../src/nrf/app.c:31)
04/15 14:08:32.553: [nrf] INFO: [95f68dd6-38d4-41f1-bdea-df38b0399915] NF registred [Heartbeat:10s] (../src/nrf/nf-sm.c:192)
04/15 14:08:32.564: [nrf] INFO: [95f7a950-38d4-41f1-a55b-e70f73228d32] NF registred [Heartbeat:10s] (../src/nrf/nf-sm.c:192)
04/15 14:08:32.598: [nrf] INFO: [95faf9b6-38d4-41f1-9df0-3b1c4b7139af] NF registred [Heartbeat:10s] (../src/nrf/nf-sm.c:192)
04/15 14:08:32.611: [nrf] INFO: [95f87c86-38d4-41f1-8cc9-cb2590652911] NF registred [Heartbeat:10s] (../src/nrf/nf-sm.c:192)
04/15 14:08:32.639: [nrf] INFO: [96053958-38d4-41f1-8af3-b1988733d6c8] NF registred [Heartbeat:10s] (../src/nrf/nf-sm.c:192)
04/15 14:08:32.668: [nrf] INFO: [9605b31a-38d4-41f1-a4fa-3daff0bc07ad] NF registred [Heartbeat:10s] (../src/nrf/nf-sm.c:192)
Open5GS daemon v2.4.4

04/15 14:12:08.756: [app] INFO: Configuration: '/open5gs/install/etc/open5gs/nrf.yaml' (../lib/app/ogs-init.c:129)
04/15 14:12:08.756: [app] INFO: File Logging: '/open5gs/install/var/log/open5gs/nrf.log' (../lib/app/ogs-init.c:132)
04/15 14:12:08.758: [sbi] INFO: nghttp2_server() [127.0.0.10]:7777 (../lib/sbi/nghttp2-server.c:144)
04/15 14:12:08.758: [app] INFO: NRF initialize...done (../src/nrf/app.c:31)
04/15 14:12:13.829: [nrf] INFO: [19db1d06-38d5-41f1-bbeb-d73045be7b40] NF registred [Heartbeat:10s] (../src/nrf/nf-sm.c:192)
04/15 14:12:13.831: [nrf] INFO: [19dbe8b2-38d5-41f1-b04d-07804f8090e8] NF registred [Heartbeat:10s] (../src/nrf/nf-sm.c:192)
04/15 14:12:13.870: [nrf] INFO: [19e2446e-38d5-41f1-92bf-2ba37e3b74a7] NF registred [Heartbeat:10s] (../src/nrf/nf-sm.c:192)
04/15 14:12:13.881: [nrf] INFO: [19e278d0-38d5-41f1-9c20-5301f9bb3bf7] NF registred [Heartbeat:10s] (../src/nrf/nf-sm.c:192)
04/15 14:12:13.905: [nrf] INFO: [19e4e782-38d5-41f1-bb03-810d4a211d54] NF registred [Heartbeat:10s] (../src/nrf/nf-sm.c:192)
04/15 14:12:13.920: [nrf] INFO: [19e5c1ca-38d5-41f1-9bc1-f95db1ae1aea] NF registred [Heartbeat:10s] (../src/nrf/nf-sm.c:192)
Open5GS daemon v2.4.4

04/15 14:20:53.688: [app] INFO: Configuration: '/open5gs/install/etc/open5gs/nrf.yaml' (../lib/app/ogs-init.c:129)
04/15 14:20:53.688: [app] INFO: File Logging: '/open5gs/install/var/log/open5gs/nrf.log' (../lib/app/ogs-init.c:132)
04/15 14:20:53.690: [sbi] INFO: nghttp2_server() [127.0.0.10]:7777 (../lib/sbi/nghttp2-server.c:144)
04/15 14:20:53.691: [app] INFO: NRF initialize...done (../src/nrf/app.c:31)
04/15 14:20:58.621: [nrf] INFO: [52a8b606-38d6-41f1-8769-6f52a9b635f7] NF registred [Heartbeat:10s] (../src/nrf/nf-sm.c:192)
04/15 14:20:58.631: [nrf] INFO: [52a85dfa-38d6-41f1-95c8-89b816a4add1] NF registred [Heartbeat:10s] (../src/nrf/nf-sm.c:192)
04/15 14:20:58.636: [nrf] INFO: [52a99dfa-38d6-41f1-93c3-c9bf209232cb] NF registred [Heartbeat:10s] (../src/nrf/nf-sm.c:192)
04/15 14:20:58.637: [nrf] INFO: [52a83604-38d6-41f1-b8fb-b19bfec9eea1] NF registred [Heartbeat:10s] (../src/nrf/nf-sm.c:192)
04/15 14:20:58.662: [nrf] INFO: [52ae665a-38d6-41f1-8a53-9d8f3dccc6fe] NF registred [Heartbeat:10s] (../src/nrf/nf-sm.c:192)
04/15 14:20:58.677: [nrf] INFO: [52aedf36-38d6-41f1-9356-75777a3cbc00] NF registred [Heartbeat:10s] (../src/nrf/nf-sm.c:192)
Open5GS daemon v2.4.4

04/15 14:21:22.079: [app] INFO: Configuration: '/open5gs/install/etc/open5gs/nrf.yaml' (../lib/app/ogs-init.c:129)
04/15 14:21:22.079: [app] INFO: File Logging: '/open5gs/install/var/log/open5gs/nrf.log' (../lib/app/ogs-init.c:132)
04/15 14:21:22.084: [sbi] INFO: nghttp2_server() [127.0.0.10]:7777 (../lib/sbi/nghttp2-server.c:144)
04/15 14:21:22.093: [app] INFO: NRF initialize...done (../src/nrf/app.c:31)
04/15 14:21:27.132: [nrf] INFO: [63a6d258-38d6-41f1-b49f-abe1e2bc2151] NF registred [Heartbeat:10s] (../src/nrf/nf-sm.c:192)
04/15 14:21:27.133: [nrf] INFO: [63a72140-38d6-41f1-ab2c-67f9254f59c7] NF registred [Heartbeat:10s] (../src/nrf/nf-sm.c:192)
04/15 14:21:27.159: [nrf] INFO: [63a97bc0-38d6-41f1-8137-3de13d89514b] NF registred [Heartbeat:10s] (../src/nrf/nf-sm.c:192)
04/15 14:21:27.170: [nrf] INFO: [63aaedac-38d6-41f1-8968-f3a70ca84c6d] NF registred [Heartbeat:10s] (../src/nrf/nf-sm.c:192)
04/15 14:21:27.182: [nrf] INFO: [63ac43dc-38d6-41f1-9287-0126e00550e8] NF registred [Heartbeat:10s] (../src/nrf/nf-sm.c:192)
04/15 14:21:27.188: [nrf] INFO: [63af068a-38d6-41f1-9d51-150780b2d8c7] NF registred [Heartbeat:10s] (../src/nrf/nf-sm.c:192)
Open5GS daemon v2.4.4

04/15 14:28:46.327: [app] INFO: Configuration: '/open5gs/install/etc/open5gs/nrf.yaml' (../lib/app/ogs-init.c:129)
04/15 14:28:46.327: [app] INFO: File Logging: '/open5gs/install/var/log/open5gs/nrf.log' (../lib/app/ogs-init.c:132)
04/15 14:28:46.327: [sbi] INFO: nghttp2_server() [127.0.0.10]:7777 (../lib/sbi/nghttp2-server.c:144)
04/15 14:28:46.336: [app] INFO: NRF initialize...done (../src/nrf/app.c:31)
04/15 14:28:51.372: [nrf] INFO: [6c6eb940-38d7-41f1-a4a8-ffdd47183b95] NF registred [Heartbeat:10s] (../src/nrf/nf-sm.c:192)
04/15 14:28:51.375: [nrf] INFO: [6c6efefa-38d7-41f1-bcf4-555a35582a70] NF registred [Heartbeat:10s] (../src/nrf/nf-sm.c:192)
04/15 14:28:51.401: [nrf] INFO: [6c71a150-38d7-41f1-a497-f1e205563adc] NF registred [Heartbeat:10s] (../src/nrf/nf-sm.c:192)
04/15 14:28:51.421: [nrf] INFO: [6c765cea-38d7-41f1-839d-c9568f5b9b4f] NF registred [Heartbeat:10s] (../src/nrf/nf-sm.c:192)
04/15 14:28:51.428: [nrf] INFO: [6c7724ae-38d7-41f1-9042-d7b29c8937b2] NF registred [Heartbeat:10s] (../src/nrf/nf-sm.c:192)
04/15 14:28:51.429: [nrf] INFO: [6c78de34-38d7-41f1-b03f-cb43ce9e2f02] NF registred [Heartbeat:10s] (../src/nrf/nf-sm.c:192)
Open5GS daemon v2.4.4

04/15 14:44:36.862: [app] INFO: Configuration: '/open5gs/install/etc/open5gs/nrf.yaml' (../lib/app/ogs-init.c:129)
04/15 14:44:36.862: [app] INFO: File Logging: '/open5gs/install/var/log/open5gs/nrf.log' (../lib/app/ogs-init.c:132)
04/15 14:44:36.864: [sbi] INFO: nghttp2_server() [127.0.0.10]:7777 (../lib/sbi/nghttp2-server.c:144)
04/15 14:44:36.869: [app] INFO: NRF initialize...done (../src/nrf/app.c:31)
04/15 14:44:41.850: [nrf] INFO: [a2f67d16-38d9-41f1-b27c-fd4301090f4b] NF registred [Heartbeat:10s] (../src/nrf/nf-sm.c:192)
04/15 14:44:41.879: [nrf] INFO: [a2fc3c88-38d9-41f1-82d1-cf0ac31e1686] NF registred [Heartbeat:10s] (../src/nrf/nf-sm.c:192)
04/15 14:44:41.889: [nrf] INFO: [a2fd59ce-38d9-41f1-bffe-3f1ee469588a] NF registred [Heartbeat:10s] (../src/nrf/nf-sm.c:192)
04/15 14:44:41.896: [nrf] INFO: [a2fd78e6-38d9-41f1-b42f-8788fe25b259] NF registred [Heartbeat:10s] (../src/nrf/nf-sm.c:192)
04/15 14:44:41.901: [nrf] INFO: [a2ffd6fe-38d9-41f1-bc66-9703f2aaa19f] NF registred [Heartbeat:10s] (../src/nrf/nf-sm.c:192)
04/15 14:44:41.915: [nrf] INFO: [a3002ffa-38d9-41f1-bc29-09802138491b] NF registred [Heartbeat:10s] (../src/nrf/nf-sm.c:192)
Open5GS daemon v2.4.4

04/15 15:56:32.550: [app] INFO: Configuration: '/open5gs/install/etc/open5gs/nrf.yaml' (../lib/app/ogs-init.c:129)
04/15 15:56:32.551: [app] INFO: File Logging: '/open5gs/install/var/log/open5gs/nrf.log' (../lib/app/ogs-init.c:132)
04/15 15:56:32.552: [sbi] INFO: nghttp2_server() [127.0.0.10]:7777 (../lib/sbi/nghttp2-server.c:144)
04/15 15:56:32.555: [app] INFO: NRF initialize...done (../src/nrf/app.c:31)
04/15 15:56:37.570: [nrf] INFO: [af56dcfe-38e3-41f1-b752-71512b94b176] NF registred [Heartbeat:10s] (../src/nrf/nf-sm.c:192)
04/15 15:56:37.580: [nrf] INFO: [af55c850-38e3-41f1-8e73-8d2afc862532] NF registred [Heartbeat:10s] (../src/nrf/nf-sm.c:192)
04/15 15:56:37.610: [nrf] INFO: [af57c416-38e3-41f1-9d64-4da093ee68bd] NF registred [Heartbeat:10s] (../src/nrf/nf-sm.c:192)
04/15 15:56:37.610: [nrf] INFO: [af56b102-38e3-41f1-a392-fb9d565ce597] NF registred [Heartbeat:10s] (../src/nrf/nf-sm.c:192)
04/15 15:56:37.616: [nrf] INFO: [af59afc4-38e3-41f1-a4b5-2d60cbdd1d06] NF registred [Heartbeat:10s] (../src/nrf/nf-sm.c:192)
04/15 15:56:37.635: [nrf] INFO: [af5f1982-38e3-41f1-ae39-afcc650a43f2] NF registred [Heartbeat:10s] (../src/nrf/nf-sm.c:192)
Open5GS daemon v2.4.4

04/16 06:22:06.113: [app] INFO: Configuration: '/open5gs/install/etc/open5gs/nrf.yaml' (../lib/app/ogs-init.c:129)
04/16 06:22:06.113: [app] INFO: File Logging: '/open5gs/install/var/log/open5gs/nrf.log' (../lib/app/ogs-init.c:132)
04/16 06:22:06.125: [sbi] INFO: nghttp2_server() [127.0.0.10]:7777 (../lib/sbi/nghttp2-server.c:144)
04/16 06:22:06.126: [app] INFO: NRF initialize...done (../src/nrf/app.c:31)
04/16 06:22:10.916: [nrf] INFO: [99fcf2e8-395c-41f1-b739-8b340478fbb4] NF registred [Heartbeat:10s] (../src/nrf/nf-sm.c:192)
04/16 06:22:10.957: [nrf] INFO: [9a010a7c-395c-41f1-b83a-bfdfcb19f011] NF registred [Heartbeat:10s] (../src/nrf/nf-sm.c:192)
04/16 06:22:10.958: [nrf] INFO: [99fcd9c0-395c-41f1-abd5-db7efb71c69c] NF registred [Heartbeat:10s] (../src/nrf/nf-sm.c:192)
04/16 06:22:10.975: [nrf] INFO: [9a0f84da-395c-41f1-984b-ad721473180a] NF registred [Heartbeat:10s] (../src/nrf/nf-sm.c:192)
04/16 06:22:11.082: [nrf] INFO: [9a1d2fd6-395c-41f1-b09f-a55a62259bd6] NF registred [Heartbeat:10s] (../src/nrf/nf-sm.c:192)
04/16 06:22:11.181: [nrf] INFO: [9a299c3a-395c-41f1-8941-d70cfce29fd6] NF registred [Heartbeat:10s] (../src/nrf/nf-sm.c:192)
Open5GS daemon v2.4.4

04/16 06:30:48.873: [app] INFO: Configuration: '/open5gs/install/etc/open5gs/nrf.yaml' (../lib/app/ogs-init.c:129)
04/16 06:30:48.873: [app] INFO: File Logging: '/open5gs/install/var/log/open5gs/nrf.log' (../lib/app/ogs-init.c:132)
04/16 06:30:48.873: [sbi] INFO: nghttp2_server() [127.0.0.10]:7777 (../lib/sbi/nghttp2-server.c:144)
04/16 06:30:48.877: [app] INFO: NRF initialize...done (../src/nrf/app.c:31)
04/16 06:30:53.869: [nrf] INFO: [d1b953d8-395d-41f1-9fd0-355b83c37905] NF registred [Heartbeat:10s] (../src/nrf/nf-sm.c:192)
04/16 06:30:53.870: [nrf] INFO: [d1b9c106-395d-41f1-900c-b7eba7032a48] NF registred [Heartbeat:10s] (../src/nrf/nf-sm.c:192)
04/16 06:30:53.872: [nrf] INFO: [d1b99ed8-395d-41f1-9a55-b1845a743791] NF registred [Heartbeat:10s] (../src/nrf/nf-sm.c:192)
04/16 06:30:53.881: [nrf] INFO: [d1bd45ba-395d-41f1-8eab-935ebf67e793] NF registred [Heartbeat:10s] (../src/nrf/nf-sm.c:192)
04/16 06:30:53.885: [nrf] INFO: [d1bc0af6-395d-41f1-a3e9-81e9fb8f6989] NF registred [Heartbeat:10s] (../src/nrf/nf-sm.c:192)
04/16 06:30:53.895: [nrf] INFO: [d1bf69b2-395d-41f1-b627-0163d2ebe4a6] NF registred [Heartbeat:10s] (../src/nrf/nf-sm.c:192)
Open5GS daemon v2.4.4

04/16 06:35:50.825: [app] INFO: Configuration: '/open5gs/install/etc/open5gs/nrf.yaml' (../lib/app/ogs-init.c:129)
04/16 06:35:50.825: [app] INFO: File Logging: '/open5gs/install/var/log/open5gs/nrf.log' (../lib/app/ogs-init.c:132)
04/16 06:35:50.827: [sbi] INFO: nghttp2_server() [127.0.0.10]:7777 (../lib/sbi/nghttp2-server.c:144)
04/16 06:35:50.829: [app] INFO: NRF initialize...done (../src/nrf/app.c:31)
04/16 06:35:55.775: [nrf] INFO: [85ad7676-395e-41f1-820c-3bc79b7fdee5] NF registred [Heartbeat:10s] (../src/nrf/nf-sm.c:192)
04/16 06:35:55.781: [nrf] INFO: [85ae34f8-395e-41f1-94ee-3d1bc4e372ad] NF registred [Heartbeat:10s] (../src/nrf/nf-sm.c:192)
04/16 06:35:55.821: [nrf] INFO: [85b0aa58-395e-41f1-9ac2-856c1649dfa0] NF registred [Heartbeat:10s] (../src/nrf/nf-sm.c:192)
04/16 06:35:55.823: [nrf] INFO: [85b2e55c-395e-41f1-b81c-15211933ffb6] NF registred [Heartbeat:10s] (../src/nrf/nf-sm.c:192)
04/16 06:35:55.829: [nrf] INFO: [85b5e81a-395e-41f1-8213-7db4b8f9c71f] NF registred [Heartbeat:10s] (../src/nrf/nf-sm.c:192)
04/16 06:35:55.835: [nrf] INFO: [85b787f6-395e-41f1-b8e1-61eee7094120] NF registred [Heartbeat:10s] (../src/nrf/nf-sm.c:192)
Open5GS daemon v2.4.4

04/16 08:32:46.294: [app] INFO: Configuration: '/open5gs/install/etc/open5gs/nrf.yaml' (../lib/app/ogs-init.c:129)
04/16 08:32:46.294: [app] INFO: File Logging: '/open5gs/install/var/log/open5gs/nrf.log' (../lib/app/ogs-init.c:132)
04/16 08:32:46.296: [sbi] INFO: nghttp2_server() [127.0.0.10]:7777 (../lib/sbi/nghttp2-server.c:144)
04/16 08:32:46.297: [app] INFO: NRF initialize...done (../src/nrf/app.c:31)
04/16 08:32:51.296: [nrf] INFO: [db3eb2ac-396e-41f1-81ef-af2bdf327cba] NF registred [Heartbeat:10s] (../src/nrf/nf-sm.c:192)
04/16 08:32:51.329: [nrf] INFO: [db43a884-396e-41f1-8779-0d01814bfe79] NF registred [Heartbeat:10s] (../src/nrf/nf-sm.c:192)
04/16 08:32:51.334: [nrf] INFO: [db474624-396e-41f1-a194-d133edd2f9f7] NF registred [Heartbeat:10s] (../src/nrf/nf-sm.c:192)
04/16 08:32:51.352: [nrf] INFO: [db49cbb0-396e-41f1-8319-1301787e92a0] NF registred [Heartbeat:10s] (../src/nrf/nf-sm.c:192)
04/16 08:32:51.369: [nrf] INFO: [db4a9ffe-396e-41f1-8110-370d5ebf0c91] NF registred [Heartbeat:10s] (../src/nrf/nf-sm.c:192)
04/16 08:32:51.380: [nrf] INFO: [db4e41f4-396e-41f1-b0e0-39fdee482f9e] NF registred [Heartbeat:10s] (../src/nrf/nf-sm.c:192)
Open5GS daemon v2.4.4

04/16 08:34:24.346: [app] INFO: Configuration: '/open5gs/install/etc/open5gs/nrf.yaml' (../lib/app/ogs-init.c:129)
04/16 08:34:24.346: [app] INFO: File Logging: '/open5gs/install/var/log/open5gs/nrf.log' (../lib/app/ogs-init.c:132)
04/16 08:34:24.349: [sbi] INFO: nghttp2_server() [127.0.0.10]:7777 (../lib/sbi/nghttp2-server.c:144)
04/16 08:34:24.349: [app] INFO: NRF initialize...done (../src/nrf/app.c:31)
04/16 08:34:29.382: [nrf] INFO: [15b81aea-396f-41f1-9f1d-632d175ebc64] NF registred [Heartbeat:10s] (../src/nrf/nf-sm.c:192)
04/16 08:34:29.401: [nrf] INFO: [15ba15ac-396f-41f1-b705-63f9edeb9c6f] NF registred [Heartbeat:10s] (../src/nrf/nf-sm.c:192)
04/16 08:34:29.406: [nrf] INFO: [15bbe06c-396f-41f1-86c0-1d6f2cbc2540] NF registred [Heartbeat:10s] (../src/nrf/nf-sm.c:192)
04/16 08:34:29.409: [nrf] INFO: [15bd578a-396f-41f1-a20f-2d94a514dba2] NF registred [Heartbeat:10s] (../src/nrf/nf-sm.c:192)
04/16 08:34:29.419: [nrf] INFO: [15beeb90-396f-41f1-899b-173834397a09] NF registred [Heartbeat:10s] (../src/nrf/nf-sm.c:192)
04/16 08:34:29.442: [nrf] INFO: [15be0248-396f-41f1-a5de-91861e5f9976] NF registred [Heartbeat:10s] (../src/nrf/nf-sm.c:192)
Open5GS daemon v2.4.4

04/16 09:04:42.131: [app] INFO: Configuration: '/open5gs/install/etc/open5gs/nrf.yaml' (../lib/app/ogs-init.c:129)
04/16 09:04:42.131: [app] INFO: File Logging: '/open5gs/install/var/log/open5gs/nrf.log' (../lib/app/ogs-init.c:132)
04/16 09:04:42.134: [sbi] INFO: nghttp2_server() [127.0.0.10]:7777 (../lib/sbi/nghttp2-server.c:144)
04/16 09:04:42.134: [app] INFO: NRF initialize...done (../src/nrf/app.c:31)
04/16 09:04:47.178: [nrf] INFO: [51357b72-3973-41f1-9390-0d6efe91a276] NF registred [Heartbeat:10s] (../src/nrf/nf-sm.c:192)
04/16 09:04:47.179: [nrf] INFO: [51359634-3973-41f1-af75-8143a79e24f3] NF registred [Heartbeat:10s] (../src/nrf/nf-sm.c:192)
04/16 09:04:47.194: [nrf] INFO: [5136027c-3973-41f1-b697-8f1a6fbdd7b7] NF registred [Heartbeat:10s] (../src/nrf/nf-sm.c:192)
04/16 09:04:47.204: [nrf] INFO: [513769d2-3973-41f1-ad9e-1b244a719bed] NF registred [Heartbeat:10s] (../src/nrf/nf-sm.c:192)
04/16 09:04:47.212: [nrf] INFO: [513b8ed6-3973-41f1-afa4-f38689a435d9] NF registred [Heartbeat:10s] (../src/nrf/nf-sm.c:192)
04/16 09:04:47.213: [nrf] INFO: [513b64ba-3973-41f1-a519-f5397bb62c62] NF registred [Heartbeat:10s] (../src/nrf/nf-sm.c:192)
Open5GS daemon v2.4.4

04/16 09:06:13.874: [app] INFO: Configuration: '/open5gs/install/etc/open5gs/nrf.yaml' (../lib/app/ogs-init.c:129)
04/16 09:06:13.874: [app] INFO: File Logging: '/open5gs/install/var/log/open5gs/nrf.log' (../lib/app/ogs-init.c:132)
04/16 09:06:13.876: [sbi] INFO: nghttp2_server() [127.0.0.10]:7777 (../lib/sbi/nghttp2-server.c:144)
04/16 09:06:13.877: [app] INFO: NRF initialize...done (../src/nrf/app.c:31)
04/16 09:06:18.881: [nrf] INFO: [87df16ec-3973-41f1-8469-398a8f7b2be3] NF registred [Heartbeat:10s] (../src/nrf/nf-sm.c:192)
04/16 09:06:18.882: [nrf] INFO: [87df6f16-3973-41f1-9cb6-ff47a7ce2e50] NF registred [Heartbeat:10s] (../src/nrf/nf-sm.c:192)
04/16 09:06:18.904: [nrf] INFO: [87e2cc88-3973-41f1-8f62-7936a82b0379] NF registred [Heartbeat:10s] (../src/nrf/nf-sm.c:192)
04/16 09:06:18.906: [nrf] INFO: [87e2adca-3973-41f1-a653-8956f042865d] NF registred [Heartbeat:10s] (../src/nrf/nf-sm.c:192)
04/16 09:06:18.907: [nrf] INFO: [87dfb82c-3973-41f1-8e4d-31624376c51b] NF registred [Heartbeat:10s] (../src/nrf/nf-sm.c:192)
04/16 09:06:18.926: [nrf] INFO: [87e68a3a-3973-41f1-bbdb-23c9a0c9e8a3] NF registred [Heartbeat:10s] (../src/nrf/nf-sm.c:192)
Open5GS daemon v2.4.4

04/16 09:08:54.682: [app] INFO: Configuration: '/open5gs/install/etc/open5gs/nrf.yaml' (../lib/app/ogs-init.c:129)
04/16 09:08:54.682: [app] INFO: File Logging: '/open5gs/install/var/log/open5gs/nrf.log' (../lib/app/ogs-init.c:132)
04/16 09:08:54.685: [sbi] INFO: nghttp2_server() [127.0.0.10]:7777 (../lib/sbi/nghttp2-server.c:144)
04/16 09:08:54.689: [app] INFO: NRF initialize...done (../src/nrf/app.c:31)
04/16 09:08:59.713: [nrf] INFO: [e7ba73d6-3973-41f1-924a-21f600df8272] NF registred [Heartbeat:10s] (../src/nrf/nf-sm.c:192)
04/16 09:08:59.714: [nrf] INFO: [e7baca20-3973-41f1-af12-ff93e318b410] NF registred [Heartbeat:10s] (../src/nrf/nf-sm.c:192)
04/16 09:08:59.721: [nrf] INFO: [e7b95474-3973-41f1-b250-75b58f39b2db] NF registred [Heartbeat:10s] (../src/nrf/nf-sm.c:192)
04/16 09:08:59.755: [nrf] INFO: [e7c2d468-3973-41f1-beb7-57fba7a7601a] NF registred [Heartbeat:10s] (../src/nrf/nf-sm.c:192)
04/16 09:08:59.773: [nrf] INFO: [e7c4b26a-3973-41f1-a427-33380ac61e8f] NF registred [Heartbeat:10s] (../src/nrf/nf-sm.c:192)
04/16 09:08:59.795: [nrf] INFO: [e7c4e21c-3973-41f1-b552-cf3999647ecb] NF registred [Heartbeat:10s] (../src/nrf/nf-sm.c:192)
Open5GS daemon v2.4.4

04/16 09:21:19.854: [app] INFO: Configuration: '/open5gs/install/etc/open5gs/nrf.yaml' (../lib/app/ogs-init.c:129)
04/16 09:21:19.854: [app] INFO: File Logging: '/open5gs/install/var/log/open5gs/nrf.log' (../lib/app/ogs-init.c:132)
04/16 09:21:19.856: [sbi] INFO: nghttp2_server() [127.0.0.10]:7777 (../lib/sbi/nghttp2-server.c:144)
04/16 09:21:19.857: [app] INFO: NRF initialize...done (../src/nrf/app.c:31)
04/16 09:21:24.892: [nrf] INFO: [a3e30a40-3975-41f1-97ee-01c3070e8b73] NF registred [Heartbeat:10s] (../src/nrf/nf-sm.c:192)
04/16 09:21:24.898: [nrf] INFO: [a3e1a894-3975-41f1-bf4a-2921b5255db8] NF registred [Heartbeat:10s] (../src/nrf/nf-sm.c:192)
04/16 09:21:24.899: [nrf] INFO: [a3e55ac0-3975-41f1-9f6c-a37a2626994e] NF registred [Heartbeat:10s] (../src/nrf/nf-sm.c:192)
04/16 09:21:24.916: [nrf] INFO: [a3e8eb86-3975-41f1-9d5b-1ff71fd978d4] NF registred [Heartbeat:10s] (../src/nrf/nf-sm.c:192)
04/16 09:21:24.917: [nrf] INFO: [a3e3dace-3975-41f1-a0df-b5ada3c87e6d] NF registred [Heartbeat:10s] (../src/nrf/nf-sm.c:192)
04/16 09:21:24.930: [nrf] INFO: [a3e3af0e-3975-41f1-8b39-0f7b97bb6886] NF registred [Heartbeat:10s] (../src/nrf/nf-sm.c:192)
Open5GS daemon v2.4.4

04/16 09:29:53.191: [app] INFO: Configuration: '/open5gs/install/etc/open5gs/nrf.yaml' (../lib/app/ogs-init.c:129)
04/16 09:29:53.191: [app] INFO: File Logging: '/open5gs/install/var/log/open5gs/nrf.log' (../lib/app/ogs-init.c:132)
04/16 09:29:53.191: [sbi] INFO: nghttp2_server() [127.0.0.10]:7777 (../lib/sbi/nghttp2-server.c:144)
04/16 09:29:53.192: [app] INFO: NRF initialize...done (../src/nrf/app.c:31)
04/16 09:29:58.252: [nrf] INFO: [d5e13732-3976-41f1-9970-ed612432975c] NF registred [Heartbeat:10s] (../src/nrf/nf-sm.c:192)
04/16 09:29:58.255: [nrf] INFO: [d5e29e10-3976-41f1-8e43-17d3136bc43f] NF registred [Heartbeat:10s] (../src/nrf/nf-sm.c:192)
04/16 09:29:58.262: [nrf] INFO: [d5e2c7dc-3976-41f1-bfd4-a765dd7ff648] NF registred [Heartbeat:10s] (../src/nrf/nf-sm.c:192)
04/16 09:29:58.264: [nrf] INFO: [d5e1ec68-3976-41f1-a394-053e83f43615] NF registred [Heartbeat:10s] (../src/nrf/nf-sm.c:192)
04/16 09:29:58.272: [nrf] INFO: [d5e48dec-3976-41f1-883c-51b37cd18e53] NF registred [Heartbeat:10s] (../src/nrf/nf-sm.c:192)
04/16 09:29:58.272: [nrf] INFO: [d5e49a12-3976-41f1-937d-dda7157aea9d] NF registred [Heartbeat:10s] (../src/nrf/nf-sm.c:192)
Open5GS daemon v2.4.4

04/16 09:33:07.568: [app] INFO: Configuration: '/open5gs/install/etc/open5gs/nrf.yaml' (../lib/app/ogs-init.c:129)
04/16 09:33:07.568: [app] INFO: File Logging: '/open5gs/install/var/log/open5gs/nrf.log' (../lib/app/ogs-init.c:132)
04/16 09:33:07.569: [sbi] INFO: nghttp2_server() [127.0.0.10]:7777 (../lib/sbi/nghttp2-server.c:144)
04/16 09:33:07.569: [app] INFO: NRF initialize...done (../src/nrf/app.c:31)
04/16 09:33:12.597: [nrf] INFO: [49b82da0-3977-41f1-90c8-9d6ebe786e1f] NF registred [Heartbeat:10s] (../src/nrf/nf-sm.c:192)
04/16 09:33:12.598: [nrf] INFO: [49b8076c-3977-41f1-842f-676e92bc7064] NF registred [Heartbeat:10s] (../src/nrf/nf-sm.c:192)
04/16 09:33:12.598: [nrf] INFO: [49b7fe2a-3977-41f1-99a0-d9bcb0ac961b] NF registred [Heartbeat:10s] (../src/nrf/nf-sm.c:192)
04/16 09:33:12.617: [nrf] INFO: [49bb8e46-3977-41f1-9832-099d4dd52d28] NF registred [Heartbeat:10s] (../src/nrf/nf-sm.c:192)
04/16 09:33:12.626: [nrf] INFO: [49bbc82a-3977-41f1-b84c-f59338b84360] NF registred [Heartbeat:10s] (../src/nrf/nf-sm.c:192)
04/16 09:33:12.628: [nrf] INFO: [49bc3288-3977-41f1-ae11-770788ea2938] NF registred [Heartbeat:10s] (../src/nrf/nf-sm.c:192)
Open5GS daemon v2.4.4

04/16 09:36:52.627: [app] INFO: Configuration: '/open5gs/install/etc/open5gs/nrf.yaml' (../lib/app/ogs-init.c:129)
04/16 09:36:52.627: [app] INFO: File Logging: '/open5gs/install/var/log/open5gs/nrf.log' (../lib/app/ogs-init.c:132)
04/16 09:36:52.628: [sbi] INFO: nghttp2_server() [127.0.0.10]:7777 (../lib/sbi/nghttp2-server.c:144)
04/16 09:36:52.632: [app] INFO: NRF initialize...done (../src/nrf/app.c:31)
04/16 09:36:57.615: [nrf] INFO: [cfd61ca8-3977-41f1-8582-7fea293d09a1] NF registred [Heartbeat:10s] (../src/nrf/nf-sm.c:192)
04/16 09:36:57.621: [nrf] INFO: [cfd79f42-3977-41f1-9dd8-270e1e21c6b1] NF registred [Heartbeat:10s] (../src/nrf/nf-sm.c:192)
04/16 09:36:57.622: [nrf] INFO: [cfd7d020-3977-41f1-aae3-374341ff3f6d] NF registred [Heartbeat:10s] (../src/nrf/nf-sm.c:192)
04/16 09:36:57.626: [nrf] INFO: [cfd7c206-3977-41f1-ad2e-4b05da389d08] NF registred [Heartbeat:10s] (../src/nrf/nf-sm.c:192)
04/16 09:36:57.639: [nrf] INFO: [cfd9df28-3977-41f1-95e5-bf063c547f5d] NF registred [Heartbeat:10s] (../src/nrf/nf-sm.c:192)
04/16 09:36:57.646: [nrf] INFO: [cfd99f72-3977-41f1-897e-370b8f89069d] NF registred [Heartbeat:10s] (../src/nrf/nf-sm.c:192)
Open5GS daemon v2.4.4

04/16 09:39:08.495: [app] INFO: Configuration: '/open5gs/install/etc/open5gs/nrf.yaml' (../lib/app/ogs-init.c:129)
04/16 09:39:08.495: [app] INFO: File Logging: '/open5gs/install/var/log/open5gs/nrf.log' (../lib/app/ogs-init.c:132)
04/16 09:39:08.497: [sbi] INFO: nghttp2_server() [127.0.0.10]:7777 (../lib/sbi/nghttp2-server.c:144)
04/16 09:39:08.506: [app] INFO: NRF initialize...done (../src/nrf/app.c:31)
04/16 09:39:13.537: [nrf] INFO: [20db5a0a-3978-41f1-987a-3199dd3d4364] NF registred [Heartbeat:10s] (../src/nrf/nf-sm.c:192)
04/16 09:39:13.544: [nrf] INFO: [20d898f6-3978-41f1-b4f9-4728b4b0f0c8] NF registred [Heartbeat:10s] (../src/nrf/nf-sm.c:192)
04/16 09:39:13.634: [nrf] INFO: [20e8f980-3978-41f1-b740-c712c99f2001] NF registred [Heartbeat:10s] (../src/nrf/nf-sm.c:192)
04/16 09:39:13.645: [nrf] INFO: [20eaec18-3978-41f1-806d-ff3b8320d4bf] NF registred [Heartbeat:10s] (../src/nrf/nf-sm.c:192)
04/16 09:39:13.648: [nrf] INFO: [20ea7a62-3978-41f1-b9f3-33f46bbfa131] NF registred [Heartbeat:10s] (../src/nrf/nf-sm.c:192)
04/16 09:39:13.689: [nrf] INFO: [20f257d2-3978-41f1-9096-89d4632e7080] NF registred [Heartbeat:10s] (../src/nrf/nf-sm.c:192)
