UERANSIM v3.2.6
[2026-08-28 12:54:45.892] [nas] [info] UE switches to state [MM-DEREGISTERED/PLMN-SEARCH]
[2026-08-28 12:54:45.907] [rrc] [debug] New signal detected for cell[1], total [1] cells in coverage
[2026-08-28 12:54:46.815] [nas] [info] Selected plmn[001/01]
[2026-08-28 12:54:46.815] [rrc] [info] Selected cell plmn[001/01] tac[1] category[SUITABLE]
[2026-08-28 12:54:46.815] [nas] [info] UE switches to state [MM-DEREGISTERED/PS]
[2026-08-28 12:54:46.815] [nas] [info] UE switches to state [MM-DEREGISTERED/NORMAL-SERVICE]
[2026-08-28 12:54:46.816] [nas] [debug] Initial registration required due to [MM-DEREG-NORMAL-SERVICE]
[2026-08-28 12:54:46.816] [nas] [debug] UAC access attempt is allowed for identity[0], category[MO_sig]
[2026-08-28 12:54:46.816] [nas] [debug] Sending Initial Registration
[2026-08-28 12:54:46.816] [nas] [info] UE switches to state [MM-REGISTER-INITIATED]
[2026-08-28 12:54:46.816] [rrc] [debug] Sending RRC Setup Request
[2026-08-28 12:54:46.822] [rrc] [info] RRC connection established
[2026-08-28 12:54:46.822] [rrc] [info] UE switches to state [RRC-CONNECTED]
[2026-08-28 12:54:46.822] [nas] [info] UE switches to state [CM-CONNECTED]
[2026-08-28 12:54:46.847] [nas] [debug] Authentication Request received
[2026-08-28 12:54:46.847] [nas] [debug] Sending Authentication Failure due to SQN out of range
[2026-08-28 12:54:46.869] [nas] [debug] Authentication Request received
[2026-08-28 12:54:46.894] [nas] [debug] Security Mode Command received
[2026-08-28 12:54:46.895] [nas] [debug] Selected integrity[2] ciphering[0]
[2026-08-28 12:54:46.923] [nas] [debug] Registration accept received
[2026-08-28 12:54:46.923] [nas] [info] UE switches to state [MM-REGISTERED/NORMAL-SERVICE]
[2026-08-28 12:54:46.923] [nas] [debug] Sending Registration Complete
[2026-08-28 12:54:46.923] [nas] [info] Initial Registration is successful
[2026-08-28 12:54:46.923] [nas] [debug] Sending PDU Session Establishment Request
[2026-08-28 12:54:46.923] [nas] [debug] UAC access attempt is allowed for identity[0], category[MO_sig]
[2026-08-28 12:54:47.167] [nas] [debug] Configuration Update Command received
[2026-08-28 12:54:47.179] [nas] [debug] PDU Session Establishment Accept received
[2026-08-28 12:54:47.179] [nas] [info] PDU Session establishment is successful PSI[1]
[2026-08-28 12:54:47.188] [app] [info] Connection setup for PDU session[1] is successful, TUN interface[uesimtun0, 10.46.0.5] is up.
[2026-08-28 12:56:21.735] [rrc] [debug] Signal lost for cell[1], total [0] cells in coverage
[2026-08-28 12:56:21.735] [nas] [error] Radio link failure detected
[2026-08-28 12:56:21.735] [nas] [info] UE switches to state [CM-IDLE]
[2026-08-28 12:56:21.735] [nas] [info] UE switches to state [MM-REGISTERED/PS]
[2026-08-28 12:56:21.735] [nas] [info] UE switches to state [MM-REGISTERED/PLMN-SEARCH]
[2026-08-28 12:56:21.735] [nas] [error] PLMN selection failure, no cells in coverage
[2026-08-28 12:56:23.475] [rrc] [warning] Acceptable cell selection failed, no cell is in coverage
[2026-08-28 12:56:23.475] [rrc] [error] Cell selection failure, no suitable or acceptable cell found
