UERANSIM v3.2.6
[2026-07-10 18:53:55.214] [nas] [info] UE switches to state [MM-DEREGISTERED/PLMN-SEARCH]
[2026-07-10 18:53:55.225] [rrc] [debug] New signal detected for cell[1], total [1] cells in coverage
[2026-07-10 18:53:55.225] [nas] [info] Selected plmn[001/01]
[2026-07-10 18:53:55.225] [rrc] [info] Selected cell plmn[001/01] tac[1] category[SUITABLE]
[2026-07-10 18:53:55.225] [nas] [info] UE switches to state [MM-DEREGISTERED/PS]
[2026-07-10 18:53:55.225] [nas] [info] UE switches to state [MM-DEREGISTERED/NORMAL-SERVICE]
[2026-07-10 18:53:55.225] [nas] [debug] Initial registration required due to [MM-DEREG-NORMAL-SERVICE]
[2026-07-10 18:53:55.233] [nas] [debug] UAC access attempt is allowed for identity[0], category[MO_sig]
[2026-07-10 18:53:55.233] [nas] [debug] Sending Initial Registration
[2026-07-10 18:53:55.233] [nas] [info] UE switches to state [MM-REGISTER-INITIATED]
[2026-07-10 18:53:55.233] [rrc] [debug] Sending RRC Setup Request
[2026-07-10 18:53:55.243] [rrc] [info] RRC connection established
[2026-07-10 18:53:55.243] [rrc] [info] UE switches to state [RRC-CONNECTED]
[2026-07-10 18:53:55.243] [nas] [info] UE switches to state [CM-CONNECTED]
[2026-07-10 18:53:55.275] [nas] [debug] Authentication Request received
[2026-07-10 18:53:55.275] [nas] [debug] Sending Authentication Failure due to SQN out of range
[2026-07-10 18:53:55.302] [nas] [debug] Authentication Request received
[2026-07-10 18:53:55.324] [nas] [debug] Security Mode Command received
[2026-07-10 18:53:55.324] [nas] [debug] Selected integrity[2] ciphering[0]
[2026-07-10 18:53:55.354] [nas] [debug] Registration accept received
[2026-07-10 18:53:55.354] [nas] [info] UE switches to state [MM-REGISTERED/NORMAL-SERVICE]
[2026-07-10 18:53:55.354] [nas] [debug] Sending Registration Complete
[2026-07-10 18:53:55.354] [nas] [info] Initial Registration is successful
[2026-07-10 18:53:55.354] [nas] [debug] Sending PDU Session Establishment Request
[2026-07-10 18:53:55.354] [nas] [debug] UAC access attempt is allowed for identity[0], category[MO_sig]
[2026-07-10 18:53:55.581] [nas] [debug] Configuration Update Command received
[2026-07-10 18:53:55.594] [nas] [debug] PDU Session Establishment Accept received
[2026-07-10 18:53:55.594] [nas] [info] PDU Session establishment is successful PSI[1]
[2026-07-10 18:53:55.611] [app] [info] Connection setup for PDU session[1] is successful, TUN interface[uesimtun0, 10.46.0.2] is up.
[2026-07-10 18:56:38.835] [rrc] [debug] Signal lost for cell[1], total [0] cells in coverage
[2026-07-10 18:56:38.836] [nas] [error] Radio link failure detected
[2026-07-10 18:56:38.836] [nas] [info] UE switches to state [CM-IDLE]
[2026-07-10 18:56:38.839] [nas] [info] UE switches to state [MM-REGISTERED/PS]
[2026-07-10 18:56:38.839] [nas] [info] UE switches to state [MM-REGISTERED/PLMN-SEARCH]
[2026-07-10 18:56:38.839] [nas] [error] PLMN selection failure, no cells in coverage
[2026-07-10 18:56:38.847] [rrc] [debug] New signal detected for cell[2], total [1] cells in coverage
[2026-07-10 18:56:38.849] [nas] [info] Selected plmn[001/01]
[2026-07-10 18:56:38.850] [rrc] [info] Selected cell plmn[001/01] tac[1] category[SUITABLE]
[2026-07-10 18:56:38.850] [nas] [info] UE switches to state [MM-REGISTERED/PS]
[2026-07-10 18:56:38.850] [nas] [info] UE switches to state [MM-REGISTERED/NORMAL-SERVICE]
