UERANSIM v3.2.6
[2026-07-09 16:32:28.001] [nas] [info] UE switches to state [MM-DEREGISTERED/PLMN-SEARCH]
[2026-07-09 16:32:28.018] [rrc] [debug] New signal detected for cell[1], total [1] cells in coverage
[2026-07-09 16:32:28.717] [nas] [info] Selected plmn[001/01]
[2026-07-09 16:32:28.717] [rrc] [warning] Suitable cell selection failed in [1] cells. [0] out of PLMN, [0] no SI, [0] reserved, [1] barred, ftai [0]
[2026-07-09 16:32:28.717] [rrc] [warning] Acceptable cell selection failed in [1] cells. [0] no SI, [0] reserved, [1] barred, ftai [0]
[2026-07-09 16:32:28.717] [rrc] [error] Cell selection failure, no suitable or acceptable cell found
[2026-07-09 16:32:33.507] [nas] [info] UE switches to state [MM-DEREGISTERED/NO-CELL-AVAILABLE]
[2026-07-09 16:37:55.600] [rrc] [warning] Suitable cell selection failed in [1] cells. [0] out of PLMN, [0] no SI, [0] reserved, [1] barred, ftai [0]
[2026-07-09 16:37:55.600] [rrc] [warning] Acceptable cell selection failed in [1] cells. [0] no SI, [0] reserved, [1] barred, ftai [0]
[2026-07-09 16:37:55.600] [rrc] [error] Cell selection failure, no suitable or acceptable cell found
[2026-07-09 16:37:55.622] [rrc] [debug] Signal lost for cell[1], total [0] cells in coverage
[2026-07-09 16:37:55.637] [nas] [error] PLMN selection failure, no cells in coverage
[2026-07-09 16:37:55.707] [rrc] [debug] New signal detected for cell[2], total [1] cells in coverage
[2026-07-09 16:38:05.581] [nas] [info] Selected plmn[001/01]
[2026-07-09 16:38:25.617] [rrc] [warning] Suitable cell selection failed in [1] cells. [0] out of PLMN, [0] no SI, [0] reserved, [1] barred, ftai [0]
[2026-07-09 16:38:25.617] [rrc] [warning] Acceptable cell selection failed in [1] cells. [0] no SI, [0] reserved, [1] barred, ftai [0]
[2026-07-09 16:38:25.617] [rrc] [error] Cell selection failure, no suitable or acceptable cell found
[2026-07-09 16:38:55.640] [rrc] [warning] Suitable cell selection failed in [1] cells. [0] out of PLMN, [0] no SI, [0] reserved, [1] barred, ftai [0]
[2026-07-09 16:38:55.640] [rrc] [warning] Acceptable cell selection failed in [1] cells. [0] no SI, [0] reserved, [1] barred, ftai [0]
[2026-07-09 16:38:55.640] [rrc] [error] Cell selection failure, no suitable or acceptable cell found
[2026-07-09 16:40:43.736] [rrc] [warning] Suitable cell selection failed in [1] cells. [0] out of PLMN, [0] no SI, [0] reserved, [1] barred, ftai [0]
[2026-07-09 16:40:43.757] [rrc] [warning] Acceptable cell selection failed in [1] cells. [0] no SI, [0] reserved, [1] barred, ftai [0]
[2026-07-09 16:40:43.757] [rrc] [error] Cell selection failure, no suitable or acceptable cell found
[2026-07-09 16:40:43.760] [rrc] [debug] Signal lost for cell[2], total [0] cells in coverage
[2026-07-09 16:40:43.761] [nas] [error] PLMN selection failure, no cells in coverage
[2026-07-09 16:40:43.779] [rrc] [debug] New signal detected for cell[3], total [1] cells in coverage
[2026-07-09 16:40:53.758] [nas] [info] Selected plmn[001/01]
[2026-07-09 16:41:13.760] [rrc] [warning] Suitable cell selection failed in [1] cells. [0] out of PLMN, [0] no SI, [0] reserved, [1] barred, ftai [0]
[2026-07-09 16:41:13.760] [rrc] [warning] Acceptable cell selection failed in [1] cells. [0] no SI, [0] reserved, [1] barred, ftai [0]
[2026-07-09 16:41:13.760] [rrc] [error] Cell selection failure, no suitable or acceptable cell found
[2026-07-09 16:41:43.810] [rrc] [warning] Suitable cell selection failed in [1] cells. [0] out of PLMN, [0] no SI, [0] reserved, [1] barred, ftai [0]
[2026-07-09 16:41:43.810] [rrc] [warning] Acceptable cell selection failed in [1] cells. [0] no SI, [0] reserved, [1] barred, ftai [0]
[2026-07-09 16:41:43.810] [rrc] [error] Cell selection failure, no suitable or acceptable cell found
[2026-07-09 16:41:47.803] [rrc] [debug] Signal lost for cell[3], total [0] cells in coverage
[2026-07-09 16:41:47.804] [nas] [error] PLMN selection failure, no cells in coverage
