UERANSIM v3.2.6
[2026-08-29 09:48:06.240] [nas] [info] UE switches to state [MM-DEREGISTERED/PLMN-SEARCH]
[2026-08-29 09:48:06.260] [rrc] [debug] New signal detected for cell[1], total [1] cells in coverage
[2026-08-29 09:48:06.260] [nas] [info] Selected plmn[001/01]
[2026-08-29 09:48:06.260] [rrc] [warning] Suitable cell selection failed in [1] cells. [0] out of PLMN, [1] no SI, [0] reserved, [0] barred, ftai [0]
[2026-08-29 09:48:06.261] [rrc] [warning] Acceptable cell selection failed in [1] cells. [1] no SI, [0] reserved, [0] barred, ftai [0]
[2026-08-29 09:48:06.261] [rrc] [error] Cell selection failure, no suitable or acceptable cell found
[2026-08-29 09:48:08.742] [rrc] [info] Selected cell plmn[001/01] tac[1] category[SUITABLE]
[2026-08-29 09:48:08.742] [nas] [info] UE switches to state [MM-DEREGISTERED/PS]
[2026-08-29 09:48:08.742] [nas] [info] UE switches to state [MM-DEREGISTERED/NORMAL-SERVICE]
[2026-08-29 09:48:08.742] [nas] [debug] Initial registration required due to [MM-DEREG-NORMAL-SERVICE]
[2026-08-29 09:48:08.742] [nas] [debug] UAC access attempt is allowed for identity[0], category[MO_sig]
[2026-08-29 09:48:08.742] [nas] [debug] Sending Initial Registration
[2026-08-29 09:48:08.742] [nas] [info] UE switches to state [MM-REGISTER-INITIATED]
[2026-08-29 09:48:08.742] [rrc] [debug] Sending RRC Setup Request
[2026-08-29 09:48:08.749] [rrc] [info] RRC connection established
[2026-08-29 09:48:08.749] [rrc] [info] UE switches to state [RRC-CONNECTED]
[2026-08-29 09:48:08.749] [nas] [info] UE switches to state [CM-CONNECTED]
[2026-08-29 09:48:08.774] [nas] [debug] Authentication Request received
[2026-08-29 09:48:08.774] [nas] [debug] Sending Authentication Failure due to SQN out of range
[2026-08-29 09:48:08.803] [nas] [debug] Authentication Request received
[2026-08-29 09:48:08.831] [nas] [debug] Security Mode Command received
[2026-08-29 09:48:08.831] [nas] [debug] Selected integrity[2] ciphering[0]
[2026-08-29 09:48:08.866] [nas] [debug] Registration accept received
[2026-08-29 09:48:08.867] [nas] [info] UE switches to state [MM-REGISTERED/NORMAL-SERVICE]
[2026-08-29 09:48:08.867] [nas] [debug] Sending Registration Complete
[2026-08-29 09:48:08.867] [nas] [info] Initial Registration is successful
[2026-08-29 09:48:08.867] [nas] [debug] Sending PDU Session Establishment Request
[2026-08-29 09:48:08.867] [nas] [debug] UAC access attempt is allowed for identity[0], category[MO_sig]
[2026-08-29 09:48:09.093] [nas] [debug] Configuration Update Command received
[2026-08-29 09:48:09.106] [nas] [debug] PDU Session Establishment Accept received
[2026-08-29 09:48:09.106] [nas] [info] PDU Session establishment is successful PSI[1]
[2026-08-29 09:48:09.113] [app] [info] Connection setup for PDU session[1] is successful, TUN interface[uesimtun0, 10.46.0.4] is up.
[2026-08-29 10:07:59.788] [rrc] [debug] Signal lost for cell[1], total [0] cells in coverage
[2026-08-29 10:07:59.788] [nas] [error] Radio link failure detected
[2026-08-29 10:07:59.788] [nas] [info] UE switches to state [CM-IDLE]
[2026-08-29 10:07:59.788] [nas] [info] UE switches to state [MM-REGISTERED/PS]
[2026-08-29 10:07:59.788] [nas] [info] UE switches to state [MM-REGISTERED/PLMN-SEARCH]
[2026-08-29 10:07:59.788] [nas] [error] PLMN selection failure, no cells in coverage
[2026-08-29 10:08:00.706] [rrc] [warning] Acceptable cell selection failed, no cell is in coverage
[2026-08-29 10:08:00.707] [rrc] [error] Cell selection failure, no suitable or acceptable cell found
